Archive member included to satisfy reference by file (symbol)

d:/intelfpga_lite/18.0/nios2eds/bin/gnu/h-x86_64-mingw32/bin/../lib/gcc/nios2-elf/5.3.0/mno-hw-mul\libgcc.a(lib2-divmod.o)
                              obj/default/main.o (__divsi3)
d:/intelfpga_lite/18.0/nios2eds/bin/gnu/h-x86_64-mingw32/bin/../lib/gcc/nios2-elf/5.3.0/mno-hw-mul\libgcc.a(lib2-mul.o)
                              obj/default/main.o (__mulsi3)
d:/intelfpga_lite/18.0/nios2eds/bin/gnu/h-x86_64-mingw32/bin/../lib/gcc/nios2-elf/5.3.0/mno-hw-mul\libgcc.a(divdf3.o)
                              obj/default/main.o (__divdf3)
d:/intelfpga_lite/18.0/nios2eds/bin/gnu/h-x86_64-mingw32/bin/../lib/gcc/nios2-elf/5.3.0/mno-hw-mul\libgcc.a(floatsidf.o)
                              obj/default/main.o (__floatsidf)
d:/intelfpga_lite/18.0/nios2eds/bin/gnu/h-x86_64-mingw32/bin/../lib/gcc/nios2-elf/5.3.0/mno-hw-mul\libgcc.a(floatunsidf.o)
                              obj/default/main.o (__floatunsidf)
d:/intelfpga_lite/18.0/nios2eds/bin/gnu/h-x86_64-mingw32/bin/../lib/gcc/nios2-elf/5.3.0/mno-hw-mul\libgcc.a(_clzsi2.o)
                              d:/intelfpga_lite/18.0/nios2eds/bin/gnu/h-x86_64-mingw32/bin/../lib/gcc/nios2-elf/5.3.0/mno-hw-mul\libgcc.a(divdf3.o) (__clzsi2)
d:/intelfpga_lite/18.0/nios2eds/bin/gnu/h-x86_64-mingw32/bin/../lib/gcc/nios2-elf/5.3.0/mno-hw-mul\libgcc.a(_clz.o)
                              d:/intelfpga_lite/18.0/nios2eds/bin/gnu/h-x86_64-mingw32/bin/../lib/gcc/nios2-elf/5.3.0/mno-hw-mul\libgcc.a(_clzsi2.o) (__clz_tab)
d:/intelfpga_lite/18.0/nios2eds/bin/gnu/h-x86_64-mingw32/bin/../lib/gcc/nios2-elf/5.3.0/../../../../../H-x86_64-mingw32/nios2-elf/lib/mno-hw-mul\libc.a(lib_a-clock.o)
                              obj/default/main.o (clock)
d:/intelfpga_lite/18.0/nios2eds/bin/gnu/h-x86_64-mingw32/bin/../lib/gcc/nios2-elf/5.3.0/../../../../../H-x86_64-mingw32/nios2-elf/lib/mno-hw-mul\libc.a(lib_a-impure.o)
                              d:/intelfpga_lite/18.0/nios2eds/bin/gnu/h-x86_64-mingw32/bin/../lib/gcc/nios2-elf/5.3.0/../../../../../H-x86_64-mingw32/nios2-elf/lib/mno-hw-mul\libc.a(lib_a-clock.o) (_impure_ptr)
d:/intelfpga_lite/18.0/nios2eds/bin/gnu/h-x86_64-mingw32/bin/../lib/gcc/nios2-elf/5.3.0/../../../../../H-x86_64-mingw32/nios2-elf/lib/mno-hw-mul\libc.a(lib_a-memcpy.o)
                              obj/default/main.o (memcpy)
d:/intelfpga_lite/18.0/nios2eds/bin/gnu/h-x86_64-mingw32/bin/../lib/gcc/nios2-elf/5.3.0/../../../../../H-x86_64-mingw32/nios2-elf/lib/mno-hw-mul\libc.a(lib_a-printf.o)
                              obj/default/main.o (printf)
d:/intelfpga_lite/18.0/nios2eds/bin/gnu/h-x86_64-mingw32/bin/../lib/gcc/nios2-elf/5.3.0/../../../../../H-x86_64-mingw32/nios2-elf/lib/mno-hw-mul\libc.a(lib_a-putchar.o)
                              obj/default/main.o (putchar)
d:/intelfpga_lite/18.0/nios2eds/bin/gnu/h-x86_64-mingw32/bin/../lib/gcc/nios2-elf/5.3.0/../../../../../H-x86_64-mingw32/nios2-elf/lib/mno-hw-mul\libc.a(lib_a-puts.o)
                              obj/default/main.o (puts)
d:/intelfpga_lite/18.0/nios2eds/bin/gnu/h-x86_64-mingw32/bin/../lib/gcc/nios2-elf/5.3.0/../../../../../H-x86_64-mingw32/nios2-elf/lib/mno-hw-mul\libc.a(lib_a-scanf.o)
                              obj/default/main.o (scanf)
d:/intelfpga_lite/18.0/nios2eds/bin/gnu/h-x86_64-mingw32/bin/../lib/gcc/nios2-elf/5.3.0/../../../../../H-x86_64-mingw32/nios2-elf/lib/mno-hw-mul\libc.a(lib_a-strlen.o)
                              d:/intelfpga_lite/18.0/nios2eds/bin/gnu/h-x86_64-mingw32/bin/../lib/gcc/nios2-elf/5.3.0/../../../../../H-x86_64-mingw32/nios2-elf/lib/mno-hw-mul\libc.a(lib_a-puts.o) (strlen)
d:/intelfpga_lite/18.0/nios2eds/bin/gnu/h-x86_64-mingw32/bin/../lib/gcc/nios2-elf/5.3.0/../../../../../H-x86_64-mingw32/nios2-elf/lib/mno-hw-mul\libc.a(lib_a-timesr.o)
                              d:/intelfpga_lite/18.0/nios2eds/bin/gnu/h-x86_64-mingw32/bin/../lib/gcc/nios2-elf/5.3.0/../../../../../H-x86_64-mingw32/nios2-elf/lib/mno-hw-mul\libc.a(lib_a-clock.o) (_times_r)
d:/intelfpga_lite/18.0/nios2eds/bin/gnu/h-x86_64-mingw32/bin/../lib/gcc/nios2-elf/5.3.0/../../../../../H-x86_64-mingw32/nios2-elf/lib/mno-hw-mul\libc.a(lib_a-vfprintf.o)
                              d:/intelfpga_lite/18.0/nios2eds/bin/gnu/h-x86_64-mingw32/bin/../lib/gcc/nios2-elf/5.3.0/../../../../../H-x86_64-mingw32/nios2-elf/lib/mno-hw-mul\libc.a(lib_a-printf.o) (___vfprintf_internal_r)
d:/intelfpga_lite/18.0/nios2eds/bin/gnu/h-x86_64-mingw32/bin/../lib/gcc/nios2-elf/5.3.0/../../../../../H-x86_64-mingw32/nios2-elf/lib/mno-hw-mul\libc.a(lib_a-vfscanf.o)
                              d:/intelfpga_lite/18.0/nios2eds/bin/gnu/h-x86_64-mingw32/bin/../lib/gcc/nios2-elf/5.3.0/../../../../../H-x86_64-mingw32/nios2-elf/lib/mno-hw-mul\libc.a(lib_a-scanf.o) (_vfscanf_r)
d:/intelfpga_lite/18.0/nios2eds/bin/gnu/h-x86_64-mingw32/bin/../lib/gcc/nios2-elf/5.3.0/../../../../../H-x86_64-mingw32/nios2-elf/lib/mno-hw-mul\libc.a(lib_a-wsetup.o)
[...]
Memory Configuration

Name             Origin             Length             Attributes
onchip_memory2_0 0x0000000000000000 0x0000000000000010
reset            0x0000000001000000 0x0000000000000020
sdram            0x0000000001000020 0x00000000007fffe0
*default*        0x0000000000000000 0xffffffffffffffff

Linker script and memory map

LOAD ../lab9_app_bsp//obj/HAL/src/crt0.o
LOAD obj/default/main.o
LOAD d:/intelfpga_lite/18.0/nios2eds/bin/gnu/h-x86_64-mingw32/bin/../lib/gcc/nios2-elf/5.3.0/../../../../../H-x86_64-mingw32/nios2-elf/lib/mno-hw-mul\libstdc++.a
LOAD d:/intelfpga_lite/18.0/nios2eds/bin/gnu/h-x86_64-mingw32/bin/../lib/gcc/nios2-elf/5.3.0/../../../../../H-x86_64-mingw32/nios2-elf/lib/mno-hw-mul\libm.a
LOAD d:/intelfpga_lite/18.0/nios2eds/bin/gnu/h-x86_64-mingw32/bin/../lib/gcc/nios2-elf/5.3.0/mno-hw-mul\libgcc.a
START GROUP
LOAD d:/intelfpga_lite/18.0/nios2eds/bin/gnu/h-x86_64-mingw32/bin/../lib/gcc/nios2-elf/5.3.0/../../../../../H-x86_64-mingw32/nios2-elf/lib/mno-hw-mul\libc.a
LOAD d:/intelfpga_lite/18.0/nios2eds/bin/gnu/h-x86_64-mingw32/bin/../lib/gcc/nios2-elf/5.3.0/mno-hw-mul\libgcc.a
LOAD ../lab9_app_bsp/\libhal_bsp.a
LOAD d:/intelfpga_lite/18.0/nios2eds/bin/gnu/h-x86_64-mingw32/bin/../lib/gcc/nios2-elf/5.3.0/../../../../../H-x86_64-mingw32/nios2-elf/lib/mno-hw-mul\libm.a
END GROUP
LOAD d:/intelfpga_lite/18.0/nios2eds/bin/gnu/h-x86_64-mingw32/bin/../lib/gcc/nios2-elf/5.3.0/mno-hw-mul\libgcc.a
                0x0000000000000000                __alt_mem_onchip_memory2_0 = 0x0
                0x0000000001000000                __alt_mem_sdram = 0x1000000

.entry          0x0000000001000000       0x20
 *(.entry)
 .entry         0x0000000001000000       0x20 ../lab9_app_bsp//obj/HAL/src/crt0.o
                0x0000000001000000                __reset

.exceptions     0x0000000001000020      0x210
                0x0000000001000020                PROVIDE (__ram_exceptions_start, ABSOLUTE (.))
                0x0000000001000020                . = ALIGN (0x20)
 *(.irq)
 *(.exceptions.entry.label)
 .exceptions.entry.label
                0x0000000001000020        0x0 ../lab9_app_bsp/\libhal_bsp.a(alt_irq_entry.o)
                0x0000000001000020                alt_irq_entry
 .exceptions.entry.label
                0x0000000001000020        0x0 ../lab9_app_bsp/\libhal_bsp.a(alt_exception_entry.o)
                0x0000000001000020                alt_exception
 *(.exceptions.entry.user)
 *(.exceptions.entry.ecc_fatal)
 *(.exceptions.entry)
 .exceptions.entry
                0x0000000001000020       0x54 ../lab9_app_bsp/\libhal_bsp.a(alt_exception_entry.o)
 *(.exceptions.irqtest.user)
 *(.exceptions.irqtest)
 .exceptions.irqtest
                0x0000000001000074       0x10 ../lab9_app_bsp/\libhal_bsp.a(alt_irq_entry.o)
 *(.exceptions.irqhandler.user)
 *(.exceptions.irqhandler)
 .exceptions.irqhandler
                0x0000000001000084        0x4 ../lab9_app_bsp/\libhal_bsp.a(alt_irq_entry.o)
 *(.exceptions.irqreturn.user)
 *(.exceptions.irqreturn)
 .exceptions.irqreturn
                0x0000000001000088        0x4 ../lab9_app_bsp/\libhal_bsp.a(alt_irq_entry.o)
 *(.exceptions.notirq.label)
 .exceptions.notirq.label
                0x000000000100008c        0x0 ../lab9_app_bsp/\libhal_bsp.a(alt_irq_entry.o)
 *(.exceptions.notirq.user)
 *(.exceptions.notirq)
 .exceptions.notirq
                0x000000000100008c        0x8 ../lab9_app_bsp/\libhal_bsp.a(alt_exception_entry.o)
 *(.exceptions.soft.user)
 *(.exceptions.soft)
 *(.exceptions.unknown.user)
 *(.exceptions.unknown)
 .exceptions.unknown
                0x0000000001000094       0x14 ../lab9_app_bsp/\libhal_bsp.a(alt_exception_entry.o)
 *(.exceptions.exit.label)
 .exceptions.exit.label
                0x00000000010000a8        0x0 ../lab9_app_bsp/\libhal_bsp.a(alt_irq_entry.o)
 .exceptions.exit.label
                0x00000000010000a8        0x0 ../lab9_app_bsp/\libhal_bsp.a(alt_exception_entry.o)
 *(.exceptions.exit.user)
 *(.exceptions.exit)
 .exceptions.exit
                0x00000000010000a8       0x54 ../lab9_app_bsp/\libhal_bsp.a(alt_exception_entry.o)
 *(.exceptions)
 .exceptions    0x00000000010000fc       0xd4 ../lab9_app_bsp/\libhal_bsp.a(alt_irq_handler.o)
                0x00000000010000fc                alt_irq_handler
 .exceptions    0x00000000010001d0       0x60 ../lab9_app_bsp/\libhal_bsp.a(alt_instruction_exception_entry.o)
                0x00000000010001d0                alt_instruction_exception_entry
                0x0000000001000230                PROVIDE (__ram_exceptions_end, ABSOLUTE (.))
                0x0000000001000020                PROVIDE (__flash_exceptions_start, LOADADDR (.exceptions))

.text           0x0000000001000230    0x1a544
                [!provide]                        PROVIDE (stext, ABSOLUTE (.))
 *(.interp)
 *(.hash)
 *(.dynsym)
 *(.dynstr)
 *(.gnu.version)
 *(.gnu.version_d)
 *(.gnu.version_r)
 *(.rel.init)
 *(.rela.init)
 *(.rel.text .rel.text.* .rel.gnu.linkonce.t.*)
 *(.rela.text .rela.text.* .rela.gnu.linkonce.t.*)
 *(.rel.fini)
 *(.rela.fini)
 *(.rel.rodata .rel.rodata.* .rel.gnu.linkonce.r.*)
 *(.rela.rodata .rela.rodata.* .rela.gnu.linkonce.r.*)
 *(.rel.data .rel.data.* .rel.gnu.linkonce.d.*)
 *(.rela.data .rela.data.* .rela.gnu.linkonce.d.*)
 *(.rel.tdata .rel.tdata.* .rel.gnu.linkonce.td.*)
 *(.rela.tdata .rela.tdata.* .rela.gnu.linkonce.td.*)
 *(.rel.tbss .rel.tbss.* .rel.gnu.linkonce.tb.*)
 *(.rela.tbss .rela.tbss.* .rela.gnu.linkonce.tb.*)
 *(.rel.ctors)
 *(.rela.ctors)
 *(.rel.dtors)
 *(.rela.dtors)
 *(.rel.got)
 *(.rela.got)
 *(.rel.sdata .rel.sdata.* .rel.gnu.linkonce.s.*)
 *(.rela.sdata .rela.sdata.* .rela.gnu.linkonce.s.*)
 *(.rel.sbss .rel.sbss.* .rel.gnu.linkonce.sb.*)
 *(.rela.sbss .rela.sbss.* .rela.gnu.linkonce.sb.*)
 *(.rel.sdata2 .rel.sdata2.* .rel.gnu.linkonce.s2.*)
 *(.rela.sdata2 .rela.sdata2.* .rela.gnu.linkonce.s2.*)
 *(.rel.sbss2 .rel.sbss2.* .rel.gnu.linkonce.sb2.*)
 *(.rela.sbss2 .rela.sbss2.* .rela.gnu.linkonce.sb2.*)
 *(.rel.bss .rel.bss.* .rel.gnu.linkonce.b.*)
 *(.rela.bss .rela.bss.* .rela.gnu.linkonce.b.*)
 *(.rel.plt)
 *(.rela.plt)
 *(.rel.dyn)
 *(.init)
 *(.plt)
 *(.text .stub .text.* .gnu.linkonce.t.*)
 .text          0x0000000001000230       0x3c ../lab9_app_bsp//obj/HAL/src/crt0.o
                0x0000000001000230                _start
 .text          0x000000000100026c     0x19a8 obj/default/main.o
                0x000000000100026c                charToHex
                0x0000000001000328                charsToHex
                0x0000000001000390                subword
                0x0000000001000480                rotword
                0x00000000010004c4                keyexpansion
                0x00000000010006c4                addroundkey
                0x0000000001000824                subbytes
                0x000000000100089c                shiftrows
                0x00000000010009d0                mixcolumns
                0x00000000010012dc                encrypt
                0x00000000010017a4                decrypt
                0x0000000001001858                main
 .text          0x0000000001001c14      0x1b4 d:/intelfpga_lite/18.0/nios2eds/bin/gnu/h-x86_64-mingw32/bin/../lib/gcc/nios2-elf/5.3.0/mno-hw-mul\libgcc.a(lib2-divmod.o)
                0x0000000001001c14                __divsi3
                0x0000000001001c98                __modsi3
                0x0000000001001d0c                __udivsi3
                0x0000000001001d70                __umodsi3
 .text          0x0000000001001dc8       0x28 d:/intelfpga_lite/18.0/nios2eds/bin/gnu/h-x86_64-mingw32/bin/../lib/gcc/nios2-elf/5.3.0/mno-hw-mul\libgcc.a(lib2-mul.o)
                0x0000000001001dc8                __mulsi3
 .text          0x0000000001001df0      0x9d0 d:/intelfpga_lite/18.0/nios2eds/bin/gnu/h-x86_64-mingw32/bin/../lib/gcc/nios2-elf/5.3.0/mno-hw-mul\libgcc.a(divdf3.o)
                0x0000000001001df0                __divdf3
 .text          0x00000000010027c0       0xdc d:/intelfpga_lite/18.0/nios2eds/bin/gnu/h-x86_64-mingw32/bin/../lib/gcc/nios2-elf/5.3.0/mno-hw-mul\libgcc.a(floatsidf.o)
                0x00000000010027c0                __floatsidf
 .text          0x000000000100289c       0xa8 d:/intelfpga_lite/18.0/nios2eds/bin/gnu/h-x86_64-mingw32/bin/../lib/gcc/nios2-elf/5.3.0/mno-hw-mul\libgcc.a(floatunsidf.o)
                0x000000000100289c                __floatunsidf
 .text          0x0000000001002944       0x64 d:/intelfpga_lite/18.0/nios2eds/bin/gnu/h-x86_64-mingw32/bin/../lib/gcc/nios2-elf/5.3.0/mno-hw-mul\libgcc.a(_clzsi2.o)
                0x0000000001002944                __clzsi2
 .text          0x00000000010029a8        0x0 d:/intelfpga_lite/18.0/nios2eds/bin/gnu/h-x86_64-mingw32/bin/../lib/gcc/nios2-elf/5.3.0/mno-hw-mul\libgcc.a(_clz.o)
 .text          0x00000000010029a8        0x0 d:/intelfpga_lite/18.0/nios2eds/bin/gnu/h-x86_64-mingw32/bin/../lib/gcc/nios2-elf/5.3.0/../../../../../H-x86_64-mingw32/nios2-elf/lib/mno-hw-mul\libc.a(lib_a-clock.o)
 .text.clock    0x00000000010029a8       0x4c d:/intelfpga_lite/18.0/nios2eds/bin/gnu/h-x86_64-mingw32/bin/../lib/gcc/nios2-elf/5.3.0/../../../../../H-x86_64-mingw32/nios2-elf/lib/mno-hw-mul\libc.a(lib_a-clock.o)
                0x00000000010029a8                clock
 .text          0x00000000010029f4        0x0 d:/intelfpga_lite/18.0/nios2eds/bin/gnu/h-x86_64-mingw32/bin/../lib/gcc/nios2-elf/5.3.0/../../../../../H-x86_64-mingw32/nios2-elf/lib/mno-hw-mul\libc.a(lib_a-impure.o)
 .text          0x00000000010029f4        0x0 d:/intelfpga_lite/18.0/nios2eds/bin/gnu/h-x86_64-mingw32/bin/../lib/gcc/nios2-elf/5.3.0/../../../../../H-x86_64-mingw32/nios2-elf/lib/mno-hw-mul\libc.a(lib_a-memcpy.o)
 .text.memcpy   0x00000000010029f4      0x148 d:/intelfpga_lite/18.0/nios2eds/bin/gnu/h-x86_64-mingw32/bin/../lib/gcc/nios2-elf/5.3.0/../../../../../H-x86_64-mingw32/nios2-elf/lib/mno-hw-mul\libc.a(lib_a-memcpy.o)
                0x00000000010029f4                memcpy
 .text          0x0000000001002b3c        0x0 d:/intelfpga_lite/18.0/nios2eds/bin/gnu/h-x86_64-mingw32/bin/../lib/gcc/nios2-elf/5.3.0/../../../../../H-x86_64-mingw32/nios2-elf/lib/mno-hw-mul\libc.a(lib_a-printf.o)
 .text._printf_r
                0x0000000001002b3c       0x30 d:/intelfpga_lite/18.0/nios2eds/bin/gnu/h-x86_64-mingw32/bin/../lib/gcc/nios2-elf/5.3.0/../../../../../H-x86_64-mingw32/nios2-elf/lib/mno-hw-mul\libc.a(lib_a-printf.o)
                0x0000000001002b3c                _printf_r
 .text.printf   0x0000000001002b6c       0x3c d:/intelfpga_lite/18.0/nios2eds/bin/gnu/h-x86_64-mingw32/bin/../lib/gcc/nios2-elf/5.3.0/../../../../../H-x86_64-mingw32/nios2-elf/lib/mno-hw-mul\libc.a(lib_a-printf.o)
                0x0000000001002b6c                printf
 .text          0x0000000001002ba8        0x0 d:/intelfpga_lite/18.0/nios2eds/bin/gnu/h-x86_64-mingw32/bin/../lib/gcc/nios2-elf/5.3.0/../../../../../H-x86_64-mingw32/nios2-elf/lib/mno-hw-mul\libc.a(lib_a-putchar.o)
 .text._putchar_r
                0x0000000001002ba8        0x8 d:/intelfpga_lite/18.0/nios2eds/bin/gnu/h-x86_64-mingw32/bin/../lib/gcc/nios2-elf/5.3.0/../../../../../H-x86_64-mingw32/nios2-elf/lib/mno-hw-mul\libc.a(lib_a-putchar.o)
                0x0000000001002ba8                _putchar_r
 .text.putchar  0x0000000001002bb0       0x18 d:/intelfpga_lite/18.0/nios2eds/bin/gnu/h-x86_64-mingw32/bin/../lib/gcc/nios2-elf/5.3.0/../../../../../H-x86_64-mingw32/nios2-elf/lib/mno-hw-mul\libc.a(lib_a-putchar.o)
                0x0000000001002bb0                putchar
 .text          0x0000000001002bc8        0x0 d:/intelfpga_lite/18.0/nios2eds/bin/gnu/h-x86_64-mingw32/bin/../lib/gcc/nios2-elf/5.3.0/../../../../../H-x86_64-mingw32/nios2-elf/lib/mno-hw-mul\libc.a(lib_a-puts.o)
 .text._puts_r  0x0000000001002bc8       0xc0 d:/intelfpga_lite/18.0/nios2eds/bin/gnu/h-x86_64-mingw32/bin/../lib/gcc/nios2-elf/5.3.0/../../../../../H-x86_64-mingw32/nios2-elf/lib/mno-hw-mul\libc.a(lib_a-puts.o)
                0x0000000001002bc8                _puts_r
 .text.puts     0x0000000001002c88       0x14 d:/intelfpga_lite/18.0/nios2eds/bin/gnu/h-x86_64-mingw32/bin/../lib/gcc/nios2-elf/5.3.0/../../../../../H-x86_64-mingw32/nios2-elf/lib/mno-hw-mul\libc.a(lib_a-puts.o)
                0x0000000001002c88                puts
 .text          0x0000000001002c9c        0x0 d:/intelfpga_lite/18.0/nios2eds/bin/gnu/h-x86_64-mingw32/bin/../lib/gcc/nios2-elf/5.3.0/../../../../../H-x86_64-mingw32/nios2-elf/lib/mno-hw-mul\libc.a(lib_a-scanf.o)
 .text.scanf    0x0000000001002c9c       0x3c d:/intelfpga_lite/18.0/nios2eds/bin/gnu/h-x86_64-mingw32/bin/../lib/gcc/nios2-elf/5.3.0/../../../../../H-x86_64-mingw32/nios2-elf/lib/mno-hw-mul\libc.a(lib_a-scanf.o)
                0x0000000001002c9c                scanf
 .text._scanf_r
                0x0000000001002cd8       0x30 d:/intelfpga_lite/18.0/nios2eds/bin/gnu/h-x86_64-mingw32/bin/../lib/gcc/nios2-elf/5.3.0/../../../../../H-x86_64-mingw32/nios2-elf/lib/mno-hw-mul\libc.a(lib_a-scanf.o)
                0x0000000001002cd8                _scanf_r
 .text          0x0000000001002d08        0x0 d:/intelfpga_lite/18.0/nios2eds/bin/gnu/h-x86_64-mingw32/bin/../lib/gcc/nios2-elf/5.3.0/../../../../../H-x86_64-mingw32/nios2-elf/lib/mno-hw-mul\libc.a(lib_a-strlen.o)
 .text.strlen   0x0000000001002d08       0x98 d:/intelfpga_lite/18.0/nios2eds/bin/gnu/h-x86_64-mingw32/bin/../lib/gcc/nios2-elf/5.3.0/../../../../../H-x86_64-mingw32/nios2-elf/lib/mno-hw-mul\libc.a(lib_a-strlen.o)
                0x0000000001002d08                strlen
 .text          0x0000000001002da0        0x0 d:/intelfpga_lite/18.0/nios2eds/bin/gnu/h-x86_64-mingw32/bin/../lib/gcc/nios2-elf/5.3.0/../../../../../H-x86_64-mingw32/nios2-elf/lib/mno-hw-mul\libc.a(lib_a-timesr.o)
 .text._times_r
                0x0000000001002da0        0x8 d:/intelfpga_lite/18.0/nios2eds/bin/gnu/h-x86_64-mingw32/bin/../lib/gcc/nios2-elf/5.3.0/../../../../../H-x86_64-mingw32/nios2-elf/lib/mno-hw-mul\libc.a(lib_a-timesr.o)
                0x0000000001002da0                _times_r
 .text          0x0000000001002da8        0x0 d:/intelfpga_lite/18.0/nios2eds/bin/gnu/h-x86_64-mingw32/bin/../lib/gcc/nios2-elf/5.3.0/../../../../../H-x86_64-mingw32/nios2-elf/lib/mno-hw-mul\libc.a(lib_a-vfprintf.o)
 .text.___vfprintf_internal_r
                0x0000000001002da8     0x22dc d:/intelfpga_lite/18.0/nios2eds/bin/gnu/h-x86_64-mingw32/bin/../lib/gcc/nios2-elf/5.3.0/../../../../../H-x86_64-mingw32/nios2-elf/lib/mno-hw-mul\libc.a(lib_a-vfprintf.o)
                0x0000000001002da8                ___vfprintf_internal_r
 .text.__vfprintf_internal
                0x0000000001005084       0x1c d:/intelfpga_lite/18.0/nios2eds/bin/gnu/h-x86_64-mingw32/bin/../lib/gcc/nios2-elf/5.3.0/../../../../../H-x86_64-mingw32/nios2-elf/lib/mno-hw-mul\libc.a(lib_a-vfprintf.o)
                0x0000000001005084                __vfprintf_internal
 .text.__sbprintf
                0x00000000010050a0       0xbc d:/intelfpga_lite/18.0/nios2eds/bin/gnu/h-x86_64-mingw32/bin/../lib/gcc/nios2-elf/5.3.0/../../../../../H-x86_64-mingw32/nios2-elf/lib/mno-hw-mul\libc.a(lib_a-vfprintf.o)
 .text          0x000000000100515c        0x0 d:/intelfpga_lite/18.0/nios2eds/bin/gnu/h-x86_64-mingw32/bin/../lib/gcc/nios2-elf/5.3.0/../../../../../H-x86_64-mingw32/nios2-elf/lib/mno-hw-mul\libc.a(lib_a-vfscanf.o)
 .text.__svfscanf_r
                0x000000000100515c     0x198c d:/intelfpga_lite/18.0/nios2eds/bin/gnu/h-x86_64-mingw32/bin/../lib/gcc/nios2-elf/5.3.0/../../../../../H-x86_64-mingw32/nios2-elf/lib/mno-hw-mul\libc.a(lib_a-vfscanf.o)
                0x000000000100515c                __svfscanf_r
 .text.vfscanf  0x0000000001006ae8       0x68 d:/intelfpga_lite/18.0/nios2eds/bin/gnu/h-x86_64-mingw32/bin/../lib/gcc/nios2-elf/5.3.0/../../../../../H-x86_64-mingw32/nios2-elf/lib/mno-hw-mul\libc.a(lib_a-vfscanf.o)
                0x0000000001006ae8                vfscanf
 .text.__svfscanf
                0x0000000001006b50       0x1c d:/intelfpga_lite/18.0/nios2eds/bin/gnu/h-x86_64-mingw32/bin/../lib/gcc/nios2-elf/5.3.0/../../../../../H-x86_64-mingw32/nios2-elf/lib/mno-hw-mul\libc.a(lib_a-vfscanf.o)
                0x0000000001006b50                __svfscanf
 .text._vfscanf_r
                0x0000000001006b6c       0x4c d:/intelfpga_lite/18.0/nios2eds/bin/gnu/h-x86_64-mingw32/bin/../lib/gcc/nios2-elf/5.3.0/../../../../../H-x86_64-mingw32/nios2-elf/lib/mno-hw-mul\libc.a(lib_a-vfscanf.o)
                0x0000000001006b6c                _vfscanf_r
 .text          0x0000000001006bb8        0x0 d:/intelfpga_lite/18.0/nios2eds/bin/gnu/h-x86_64-mingw32/bin/../lib/gcc/nios2-elf/5.3.0/../../../../../H-x86_64-mingw32/nios2-elf/lib/mno-hw-mul\libc.a(lib_a-wsetup.o)
 .text.__swsetup_r
                0x0000000001006bb8      0x154 d:/intelfpga_lite/18.0/nios2eds/bin/gnu/h-x86_64-mingw32/bin/../lib/gcc/nios2-elf/5.3.0/../../../../../H-x86_64-mingw32/nios2-elf/lib/mno-hw-mul\libc.a(lib_a-wsetup.o)
                0x0000000001006bb8                __swsetup_r
 .text          0x0000000001006d0c        0x0 d:/intelfpga_lite/18.0/nios2eds/bin/gnu/h-x86_64-mingw32/bin/../lib/gcc/nios2-elf/5.3.0/../../../../../H-x86_64-mingw32/nios2-elf/lib/mno-hw-mul\libc.a(lib_a-ctype_.o)
 .text          0x0000000001006d0c        0x0 d:/intelfpga_lite/18.0/nios2eds/bin/gnu/h-x86_64-mingw32/bin/../lib/gcc/nios2-elf/5.3.0/../../../../../H-x86_64-mingw32/nios2-elf/lib/mno-hw-mul\libc.a(lib_a-dtoa.o)
 .text.quorem   0x0000000001006d0c      0x228 d:/intelfpga_lite/18.0/nios2eds/bin/gnu/h-x86_64-mingw32/bin/../lib/gcc/nios2-elf/5.3.0/../../../../../H-x86_64-mingw32/nios2-elf/lib/mno-hw-mul\libc.a(lib_a-dtoa.o)
 .text._dtoa_r  0x0000000001006f34     0x1688 d:/intelfpga_lite/18.0/nios2eds/bin/gnu/h-x86_64-mingw32/bin/../lib/gcc/nios2-elf/5.3.0/../../../../../H-x86_64-mingw32/nios2-elf/lib/mno-hw-mul\libc.a(lib_a-dtoa.o)
                0x0000000001006f34                _dtoa_r
 .text          0x00000000010085bc        0x0 d:/intelfpga_lite/18.0/nios2eds/bin/gnu/h-x86_64-mingw32/bin/../lib/gcc/nios2-elf/5.3.0/../../../../../H-x86_64-mingw32/nios2-elf/lib/mno-hw-mul\libc.a(lib_a-fflush.o)
 .text.__sflush_r
                0x00000000010085bc      0x21c d:/intelfpga_lite/18.0/nios2eds/bin/gnu/h-x86_64-mingw32/bin/../lib/gcc/nios2-elf/5.3.0/../../../../../H-x86_64-mingw32/nios2-elf/lib/mno-hw-mul\libc.a(lib_a-fflush.o)
                0x00000000010085bc                __sflush_r
 .text._fflush_r
                0x00000000010087d8       0x5c d:/intelfpga_lite/18.0/nios2eds/bin/gnu/h-x86_64-mingw32/bin/../lib/gcc/nios2-elf/5.3.0/../../../../../H-x86_64-mingw32/nios2-elf/lib/mno-hw-mul\libc.a(lib_a-fflush.o)
                0x00000000010087d8                _fflush_r
 .text.fflush   0x0000000001008834       0x30 d:/intelfpga_lite/18.0/nios2eds/bin/gnu/h-x86_64-mingw32/bin/../lib/gcc/nios2-elf/5.3.0/../../../../../H-x86_64-mingw32/nios2-elf/lib/mno-hw-mul\libc.a(lib_a-fflush.o)
                0x0000000001008834                fflush
 .text          0x0000000001008864        0x0 d:/intelfpga_lite/18.0/nios2eds/bin/gnu/h-x86_64-mingw32/bin/../lib/gcc/nios2-elf/5.3.0/../../../../../H-x86_64-mingw32/nios2-elf/lib/mno-hw-mul\libc.a(lib_a-findfp.o)
 .text.__fp_unlock
                0x0000000001008864        0x8 d:/intelfpga_lite/18.0/nios2eds/bin/gnu/h-x86_64-mingw32/bin/../lib/gcc/nios2-elf/5.3.0/../../../../../H-x86_64-mingw32/nios2-elf/lib/mno-hw-mul\libc.a(lib_a-findfp.o)
 .text._cleanup_r
                0x000000000100886c        0xc d:/intelfpga_lite/18.0/nios2eds/bin/gnu/h-x86_64-mingw32/bin/../lib/gcc/nios2-elf/5.3.0/../../../../../H-x86_64-mingw32/nios2-elf/lib/mno-hw-mul\libc.a(lib_a-findfp.o)
                0x000000000100886c                _cleanup_r
 .text.__sinit.part.1
                0x0000000001008878      0x19c d:/intelfpga_lite/18.0/nios2eds/bin/gnu/h-x86_64-mingw32/bin/../lib/gcc/nios2-elf/5.3.0/../../../../../H-x86_64-mingw32/nios2-elf/lib/mno-hw-mul\libc.a(lib_a-findfp.o)
 .text.__fp_lock
                0x0000000001008a14        0x8 d:/intelfpga_lite/18.0/nios2eds/bin/gnu/h-x86_64-mingw32/bin/../lib/gcc/nios2-elf/5.3.0/../../../../../H-x86_64-mingw32/nios2-elf/lib/mno-hw-mul\libc.a(lib_a-findfp.o)
 .text.__sfmoreglue
                0x0000000001008a1c       0x78 d:/intelfpga_lite/18.0/nios2eds/bin/gnu/h-x86_64-mingw32/bin/../lib/gcc/nios2-elf/5.3.0/../../../../../H-x86_64-mingw32/nios2-elf/lib/mno-hw-mul\libc.a(lib_a-findfp.o)
                0x0000000001008a1c                __sfmoreglue
 .text.__sfp    0x0000000001008a94      0x118 d:/intelfpga_lite/18.0/nios2eds/bin/gnu/h-x86_64-mingw32/bin/../lib/gcc/nios2-elf/5.3.0/../../../../../H-x86_64-mingw32/nios2-elf/lib/mno-hw-mul\libc.a(lib_a-findfp.o)
                0x0000000001008a94                __sfp
 .text._cleanup
                0x0000000001008bac       0x18 d:/intelfpga_lite/18.0/nios2eds/bin/gnu/h-x86_64-mingw32/bin/../lib/gcc/nios2-elf/5.3.0/../../../../../H-x86_64-mingw32/nios2-elf/lib/mno-hw-mul\libc.a(lib_a-findfp.o)
                0x0000000001008bac                _cleanup
 .text.__sinit  0x0000000001008bc4       0x10 d:/intelfpga_lite/18.0/nios2eds/bin/gnu/h-x86_64-mingw32/bin/../lib/gcc/nios2-elf/5.3.0/../../../../../H-x86_64-mingw32/nios2-elf/lib/mno-hw-mul\libc.a(lib_a-findfp.o)
                0x0000000001008bc4                __sinit
 .text.__sfp_lock_acquire
                0x0000000001008bd4        0x4 d:/intelfpga_lite/18.0/nios2eds/bin/gnu/h-x86_64-mingw32/bin/../lib/gcc/nios2-elf/5.3.0/../../../../../H-x86_64-mingw32/nios2-elf/lib/mno-hw-mul\libc.a(lib_a-findfp.o)
                0x0000000001008bd4                __sfp_lock_acquire
 .text.__sfp_lock_release
                0x0000000001008bd8        0x4 d:/intelfpga_lite/18.0/nios2eds/bin/gnu/h-x86_64-mingw32/bin/../lib/gcc/nios2-elf/5.3.0/../../../../../H-x86_64-mingw32/nios2-elf/lib/mno-hw-mul\libc.a(lib_a-findfp.o)
                0x0000000001008bd8                __sfp_lock_release
 .text.__sinit_lock_acquire
                0x0000000001008bdc        0x4 d:/intelfpga_lite/18.0/nios2eds/bin/gnu/h-x86_64-mingw32/bin/../lib/gcc/nios2-elf/5.3.0/../../../../../H-x86_64-mingw32/nios2-elf/lib/mno-hw-mul\libc.a(lib_a-findfp.o)
                0x0000000001008bdc                __sinit_lock_acquire
 .text.__sinit_lock_release
                0x0000000001008be0        0x4 d:/intelfpga_lite/18.0/nios2eds/bin/gnu/h-x86_64-mingw32/bin/../lib/gcc/nios2-elf/5.3.0/../../../../../H-x86_64-mingw32/nios2-elf/lib/mno-hw-mul\libc.a(lib_a-findfp.o)
                0x0000000001008be0                __sinit_lock_release
 .text.__fp_lock_all
                0x0000000001008be4       0x18 d:/intelfpga_lite/18.0/nios2eds/bin/gnu/h-x86_64-mingw32/bin/../lib/gcc/nios2-elf/5.3.0/../../../../../H-x86_64-mingw32/nios2-elf/lib/mno-hw-mul\libc.a(lib_a-findfp.o)
                0x0000000001008be4                __fp_lock_all
 .text.__fp_unlock_all
                0x0000000001008bfc       0x18 d:/intelfpga_lite/18.0/nios2eds/bin/gnu/h-x86_64-mingw32/bin/../lib/gcc/nios2-elf/5.3.0/../../../../../H-x86_64-mingw32/nios2-elf/lib/mno-hw-mul\libc.a(lib_a-findfp.o)
                0x0000000001008bfc                __fp_unlock_all
 .text          0x0000000001008c14        0x0 d:/intelfpga_lite/18.0/nios2eds/bin/gnu/h-x86_64-mingw32/bin/../lib/gcc/nios2-elf/5.3.0/../../../../../H-x86_64-mingw32/nios2-elf/lib/mno-hw-mul\libc.a(lib_a-fread.o)
 .text._fread_r
                0x0000000001008c14      0x23c d:/intelfpga_lite/18.0/nios2eds/bin/gnu/h-x86_64-mingw32/bin/../lib/gcc/nios2-elf/5.3.0/../../../../../H-x86_64-mingw32/nios2-elf/lib/mno-hw-mul\libc.a(lib_a-fread.o)
                0x0000000001008c14                _fread_r
 .text.fread    0x0000000001008e50       0x34 d:/intelfpga_lite/18.0/nios2eds/bin/gnu/h-x86_64-mingw32/bin/../lib/gcc/nios2-elf/5.3.0/../../../../../H-x86_64-mingw32/nios2-elf/lib/mno-hw-mul\libc.a(lib_a-fread.o)
                0x0000000001008e50                fread
 .text          0x0000000001008e84        0x0 d:/intelfpga_lite/18.0/nios2eds/bin/gnu/h-x86_64-mingw32/bin/../lib/gcc/nios2-elf/5.3.0/../../../../../H-x86_64-mingw32/nios2-elf/lib/mno-hw-mul\libc.a(lib_a-freer.o)
 .text._malloc_trim_r
                0x0000000001008e84      0x124 d:/intelfpga_lite/18.0/nios2eds/bin/gnu/h-x86_64-mingw32/bin/../lib/gcc/nios2-elf/5.3.0/../../../../../H-x86_64-mingw32/nios2-elf/lib/mno-hw-mul\libc.a(lib_a-freer.o)
                0x0000000001008e84                _malloc_trim_r
 .text._free_r  0x0000000001008fa8      0x310 d:/intelfpga_lite/18.0/nios2eds/bin/gnu/h-x86_64-mingw32/bin/../lib/gcc/nios2-elf/5.3.0/../../../../../H-x86_64-mingw32/nios2-elf/lib/mno-hw-mul\libc.a(lib_a-freer.o)
                0x0000000001008fa8                _free_r
 .text          0x00000000010092b8        0x0 d:/intelfpga_lite/18.0/nios2eds/bin/gnu/h-x86_64-mingw32/bin/../lib/gcc/nios2-elf/5.3.0/../../../../../H-x86_64-mingw32/nios2-elf/lib/mno-hw-mul\libc.a(lib_a-fvwrite.o)
 .text.__sfvwrite_r
                0x00000000010092b8      0x4c8 d:/intelfpga_lite/18.0/nios2eds/bin/gnu/h-x86_64-mingw32/bin/../lib/gcc/nios2-elf/5.3.0/../../../../../H-x86_64-mingw32/nios2-elf/lib/mno-hw-mul\libc.a(lib_a-fvwrite.o)
                0x00000000010092b8                __sfvwrite_r
 .text          0x0000000001009780        0x0 d:/intelfpga_lite/18.0/nios2eds/bin/gnu/h-x86_64-mingw32/bin/../lib/gcc/nios2-elf/5.3.0/../../../../../H-x86_64-mingw32/nios2-elf/lib/mno-hw-mul\libc.a(lib_a-fwalk.o)
 .text._fwalk   0x0000000001009780       0xc4 d:/intelfpga_lite/18.0/nios2eds/bin/gnu/h-x86_64-mingw32/bin/../lib/gcc/nios2-elf/5.3.0/../../../../../H-x86_64-mingw32/nios2-elf/lib/mno-hw-mul\libc.a(lib_a-fwalk.o)
                0x0000000001009780                _fwalk
 .text._fwalk_reent
                0x0000000001009844       0xc4 d:/intelfpga_lite/18.0/nios2eds/bin/gnu/h-x86_64-mingw32/bin/../lib/gcc/nios2-elf/5.3.0/../../../../../H-x86_64-mingw32/nios2-elf/lib/mno-hw-mul\libc.a(lib_a-fwalk.o)
                0x0000000001009844                _fwalk_reent
 .text          0x0000000001009908        0x0 d:/intelfpga_lite/18.0/nios2eds/bin/gnu/h-x86_64-mingw32/bin/../lib/gcc/nios2-elf/5.3.0/../../../../../H-x86_64-mingw32/nios2-elf/lib/mno-hw-mul\libc.a(lib_a-iswspace.o)
 .text.iswspace
                0x0000000001009908       0x30 d:/intelfpga_lite/18.0/nios2eds/bin/gnu/h-x86_64-mingw32/bin/../lib/gcc/nios2-elf/5.3.0/../../../../../H-x86_64-mingw32/nios2-elf/lib/mno-hw-mul\libc.a(lib_a-iswspace.o)
                0x0000000001009908                iswspace
 .text          0x0000000001009938        0x0 d:/intelfpga_lite/18.0/nios2eds/bin/gnu/h-x86_64-mingw32/bin/../lib/gcc/nios2-elf/5.3.0/../../../../../H-x86_64-mingw32/nios2-elf/lib/mno-hw-mul\libc.a(lib_a-locale.o)
 .text._setlocale_r
                0x0000000001009938       0x7c d:/intelfpga_lite/18.0/nios2eds/bin/gnu/h-x86_64-mingw32/bin/../lib/gcc/nios2-elf/5.3.0/../../../../../H-x86_64-mingw32/nios2-elf/lib/mno-hw-mul\libc.a(lib_a-locale.o)
                0x0000000001009938                _setlocale_r
 .text.__locale_charset
                0x00000000010099b4        0xc d:/intelfpga_lite/18.0/nios2eds/bin/gnu/h-x86_64-mingw32/bin/../lib/gcc/nios2-elf/5.3.0/../../../../../H-x86_64-mingw32/nios2-elf/lib/mno-hw-mul\libc.a(lib_a-locale.o)
                0x00000000010099b4                __locale_charset
 .text.__locale_mb_cur_max
                0x00000000010099c0       0x10 d:/intelfpga_lite/18.0/nios2eds/bin/gnu/h-x86_64-mingw32/bin/../lib/gcc/nios2-elf/5.3.0/../../../../../H-x86_64-mingw32/nios2-elf/lib/mno-hw-mul\libc.a(lib_a-locale.o)
                0x00000000010099c0                __locale_mb_cur_max
 .text.__locale_msgcharset
                0x00000000010099d0        0xc d:/intelfpga_lite/18.0/nios2eds/bin/gnu/h-x86_64-mingw32/bin/../lib/gcc/nios2-elf/5.3.0/../../../../../H-x86_64-mingw32/nios2-elf/lib/mno-hw-mul\libc.a(lib_a-locale.o)
                0x00000000010099d0                __locale_msgcharset
 .text.__locale_cjk_lang
                0x00000000010099dc        0x8 d:/intelfpga_lite/18.0/nios2eds/bin/gnu/h-x86_64-mingw32/bin/../lib/gcc/nios2-elf/5.3.0/../../../../../H-x86_64-mingw32/nios2-elf/lib/mno-hw-mul\libc.a(lib_a-locale.o)
                0x00000000010099dc                __locale_cjk_lang
 .text._localeconv_r
                0x00000000010099e4        0xc d:/intelfpga_lite/18.0/nios2eds/bin/gnu/h-x86_64-mingw32/bin/../lib/gcc/nios2-elf/5.3.0/../../../../../H-x86_64-mingw32/nios2-elf/lib/mno-hw-mul\libc.a(lib_a-locale.o)
                0x00000000010099e4                _localeconv_r
 .text.setlocale
                0x00000000010099f0       0x18 d:/intelfpga_lite/18.0/nios2eds/bin/gnu/h-x86_64-mingw32/bin/../lib/gcc/nios2-elf/5.3.0/../../../../../H-x86_64-mingw32/nios2-elf/lib/mno-hw-mul\libc.a(lib_a-locale.o)
                0x00000000010099f0                setlocale
 .text.localeconv
                0x0000000001009a08        0xc d:/intelfpga_lite/18.0/nios2eds/bin/gnu/h-x86_64-mingw32/bin/../lib/gcc/nios2-elf/5.3.0/../../../../../H-x86_64-mingw32/nios2-elf/lib/mno-hw-mul\libc.a(lib_a-locale.o)
                0x0000000001009a08                localeconv
 .text          0x0000000001009a14        0x0 d:/intelfpga_lite/18.0/nios2eds/bin/gnu/h-x86_64-mingw32/bin/../lib/gcc/nios2-elf/5.3.0/../../../../../H-x86_64-mingw32/nios2-elf/lib/mno-hw-mul\libc.a(lib_a-makebuf.o)
 .text.__smakebuf_r
                0x0000000001009a14      0x1bc d:/intelfpga_lite/18.0/nios2eds/bin/gnu/h-x86_64-mingw32/bin/../lib/gcc/nios2-elf/5.3.0/../../../../../H-x86_64-mingw32/nios2-elf/lib/mno-hw-mul\libc.a(lib_a-makebuf.o)
                0x0000000001009a14                __smakebuf_r
 .text          0x0000000001009bd0        0x0 d:/intelfpga_lite/18.0/nios2eds/bin/gnu/h-x86_64-mingw32/bin/../lib/gcc/nios2-elf/5.3.0/../../../../../H-x86_64-mingw32/nios2-elf/lib/mno-hw-mul\libc.a(lib_a-mallocr.o)
 .text._malloc_r
                0x0000000001009bd0      0x80c d:/intelfpga_lite/18.0/nios2eds/bin/gnu/h-x86_64-mingw32/bin/../lib/gcc/nios2-elf/5.3.0/../../../../../H-x86_64-mingw32/nios2-elf/lib/mno-hw-mul\libc.a(lib_a-mallocr.o)
                0x0000000001009bd0                _malloc_r
 .text          0x000000000100a3dc        0x0 d:/intelfpga_lite/18.0/nios2eds/bin/gnu/h-x86_64-mingw32/bin/../lib/gcc/nios2-elf/5.3.0/../../../../../H-x86_64-mingw32/nios2-elf/lib/mno-hw-mul\libc.a(lib_a-mbrtowc.o)
 .text._mbrtowc_r
                0x000000000100a3dc       0xac d:/intelfpga_lite/18.0/nios2eds/bin/gnu/h-x86_64-mingw32/bin/../lib/gcc/nios2-elf/5.3.0/../../../../../H-x86_64-mingw32/nios2-elf/lib/mno-hw-mul\libc.a(lib_a-mbrtowc.o)
                0x000000000100a3dc                _mbrtowc_r
 .text.mbrtowc  0x000000000100a488       0xd8 d:/intelfpga_lite/18.0/nios2eds/bin/gnu/h-x86_64-mingw32/bin/../lib/gcc/nios2-elf/5.3.0/../../../../../H-x86_64-mingw32/nios2-elf/lib/mno-hw-mul\libc.a(lib_a-mbrtowc.o)
                0x000000000100a488                mbrtowc
 .text          0x000000000100a560        0x0 d:/intelfpga_lite/18.0/nios2eds/bin/gnu/h-x86_64-mingw32/bin/../lib/gcc/nios2-elf/5.3.0/../../../../../H-x86_64-mingw32/nios2-elf/lib/mno-hw-mul\libc.a(lib_a-mbtowc_r.o)
 .text.__ascii_mbtowc
                0x000000000100a560       0x44 d:/intelfpga_lite/18.0/nios2eds/bin/gnu/h-x86_64-mingw32/bin/../lib/gcc/nios2-elf/5.3.0/../../../../../H-x86_64-mingw32/nios2-elf/lib/mno-hw-mul\libc.a(lib_a-mbtowc_r.o)
                0x000000000100a560                __ascii_mbtowc
 .text._mbtowc_r
                0x000000000100a5a4       0x5c d:/intelfpga_lite/18.0/nios2eds/bin/gnu/h-x86_64-mingw32/bin/../lib/gcc/nios2-elf/5.3.0/../../../../../H-x86_64-mingw32/nios2-elf/lib/mno-hw-mul\libc.a(lib_a-mbtowc_r.o)
                0x000000000100a5a4                _mbtowc_r
 .text          0x000000000100a600        0x0 d:/intelfpga_lite/18.0/nios2eds/bin/gnu/h-x86_64-mingw32/bin/../lib/gcc/nios2-elf/5.3.0/../../../../../H-x86_64-mingw32/nios2-elf/lib/mno-hw-mul\libc.a(lib_a-memchr.o)
 .text.memchr   0x000000000100a600       0xe4 d:/intelfpga_lite/18.0/nios2eds/bin/gnu/h-x86_64-mingw32/bin/../lib/gcc/nios2-elf/5.3.0/../../../../../H-x86_64-mingw32/nios2-elf/lib/mno-hw-mul\libc.a(lib_a-memchr.o)
                0x000000000100a600                memchr
 .text          0x000000000100a6e4        0x0 d:/intelfpga_lite/18.0/nios2eds/bin/gnu/h-x86_64-mingw32/bin/../lib/gcc/nios2-elf/5.3.0/../../../../../H-x86_64-mingw32/nios2-elf/lib/mno-hw-mul\libc.a(lib_a-memmove.o)
 .text.memmove  0x000000000100a6e4      0x15c d:/intelfpga_lite/18.0/nios2eds/bin/gnu/h-x86_64-mingw32/bin/../lib/gcc/nios2-elf/5.3.0/../../../../../H-x86_64-mingw32/nios2-elf/lib/mno-hw-mul\libc.a(lib_a-memmove.o)
                0x000000000100a6e4                memmove
 .text          0x000000000100a840        0x0 d:/intelfpga_lite/18.0/nios2eds/bin/gnu/h-x86_64-mingw32/bin/../lib/gcc/nios2-elf/5.3.0/../../../../../H-x86_64-mingw32/nios2-elf/lib/mno-hw-mul\libc.a(lib_a-memset.o)
 .text.memset   0x000000000100a840      0x128 d:/intelfpga_lite/18.0/nios2eds/bin/gnu/h-x86_64-mingw32/bin/../lib/gcc/nios2-elf/5.3.0/../../../../../H-x86_64-mingw32/nios2-elf/lib/mno-hw-mul\libc.a(lib_a-memset.o)
                0x000000000100a840                memset
 .text          0x000000000100a968        0x0 d:/intelfpga_lite/18.0/nios2eds/bin/gnu/h-x86_64-mingw32/bin/../lib/gcc/nios2-elf/5.3.0/../../../../../H-x86_64-mingw32/nios2-elf/lib/mno-hw-mul\libc.a(lib_a-mprec.o)
 .text._Balloc  0x000000000100a968       0xa8 d:/intelfpga_lite/18.0/nios2eds/bin/gnu/h-x86_64-mingw32/bin/../lib/gcc/nios2-elf/5.3.0/../../../../../H-x86_64-mingw32/nios2-elf/lib/mno-hw-mul\libc.a(lib_a-mprec.o)
                0x000000000100a968                _Balloc
 .text._Bfree   0x000000000100aa10       0x28 d:/intelfpga_lite/18.0/nios2eds/bin/gnu/h-x86_64-mingw32/bin/../lib/gcc/nios2-elf/5.3.0/../../../../../H-x86_64-mingw32/nios2-elf/lib/mno-hw-mul\libc.a(lib_a-mprec.o)
                0x000000000100aa10                _Bfree
 .text.__multadd
                0x000000000100aa38      0x148 d:/intelfpga_lite/18.0/nios2eds/bin/gnu/h-x86_64-mingw32/bin/../lib/gcc/nios2-elf/5.3.0/../../../../../H-x86_64-mingw32/nios2-elf/lib/mno-hw-mul\libc.a(lib_a-mprec.o)
                0x000000000100aa38                __multadd
 .text.__s2b    0x000000000100ab80      0x104 d:/intelfpga_lite/18.0/nios2eds/bin/gnu/h-x86_64-mingw32/bin/../lib/gcc/nios2-elf/5.3.0/../../../../../H-x86_64-mingw32/nios2-elf/lib/mno-hw-mul\libc.a(lib_a-mprec.o)
                0x000000000100ab80                __s2b
 .text.__hi0bits
                0x000000000100ac84       0x68 d:/intelfpga_lite/18.0/nios2eds/bin/gnu/h-x86_64-mingw32/bin/../lib/gcc/nios2-elf/5.3.0/../../../../../H-x86_64-mingw32/nios2-elf/lib/mno-hw-mul\libc.a(lib_a-mprec.o)
                0x000000000100ac84                __hi0bits
 .text.__lo0bits
                0x000000000100acec       0xb0 d:/intelfpga_lite/18.0/nios2eds/bin/gnu/h-x86_64-mingw32/bin/../lib/gcc/nios2-elf/5.3.0/../../../../../H-x86_64-mingw32/nios2-elf/lib/mno-hw-mul\libc.a(lib_a-mprec.o)
                0x000000000100acec                __lo0bits
 .text.__i2b    0x000000000100ad9c       0x3c d:/intelfpga_lite/18.0/nios2eds/bin/gnu/h-x86_64-mingw32/bin/../lib/gcc/nios2-elf/5.3.0/../../../../../H-x86_64-mingw32/nios2-elf/lib/mno-hw-mul\libc.a(lib_a-mprec.o)
                0x000000000100ad9c                __i2b
 .text.__multiply
                0x000000000100add8      0x28c d:/intelfpga_lite/18.0/nios2eds/bin/gnu/h-x86_64-mingw32/bin/../lib/gcc/nios2-elf/5.3.0/../../../../../H-x86_64-mingw32/nios2-elf/lib/mno-hw-mul\libc.a(lib_a-mprec.o)
                0x000000000100add8                __multiply
 .text.__pow5mult
                0x000000000100b064      0x140 d:/intelfpga_lite/18.0/nios2eds/bin/gnu/h-x86_64-mingw32/bin/../lib/gcc/nios2-elf/5.3.0/../../../../../H-x86_64-mingw32/nios2-elf/lib/mno-hw-mul\libc.a(lib_a-mprec.o)
                0x000000000100b064                __pow5mult
 .text.__lshift
                0x000000000100b1a4      0x148 d:/intelfpga_lite/18.0/nios2eds/bin/gnu/h-x86_64-mingw32/bin/../lib/gcc/nios2-elf/5.3.0/../../../../../H-x86_64-mingw32/nios2-elf/lib/mno-hw-mul\libc.a(lib_a-mprec.o)
                0x000000000100b1a4                __lshift
 .text.__mcmp   0x000000000100b2ec       0x60 d:/intelfpga_lite/18.0/nios2eds/bin/gnu/h-x86_64-mingw32/bin/../lib/gcc/nios2-elf/5.3.0/../../../../../H-x86_64-mingw32/nios2-elf/lib/mno-hw-mul\libc.a(lib_a-mprec.o)
                0x000000000100b2ec                __mcmp
 .text.__mdiff  0x000000000100b34c      0x1fc d:/intelfpga_lite/18.0/nios2eds/bin/gnu/h-x86_64-mingw32/bin/../lib/gcc/nios2-elf/5.3.0/../../../../../H-x86_64-mingw32/nios2-elf/lib/mno-hw-mul\libc.a(lib_a-mprec.o)
                0x000000000100b34c                __mdiff
 .text.__ulp    0x000000000100b548       0x64 d:/intelfpga_lite/18.0/nios2eds/bin/gnu/h-x86_64-mingw32/bin/../lib/gcc/nios2-elf/5.3.0/../../../../../H-x86_64-mingw32/nios2-elf/lib/mno-hw-mul\libc.a(lib_a-mprec.o)
                0x000000000100b548                __ulp
 .text.__b2d    0x000000000100b5ac      0x10c d:/intelfpga_lite/18.0/nios2eds/bin/gnu/h-x86_64-mingw32/bin/../lib/gcc/nios2-elf/5.3.0/../../../../../H-x86_64-mingw32/nios2-elf/lib/mno-hw-mul\libc.a(lib_a-mprec.o)
                0x000000000100b5ac                __b2d
 .text.__d2b    0x000000000100b6b8      0x14c d:/intelfpga_lite/18.0/nios2eds/bin/gnu/h-x86_64-mingw32/bin/../lib/gcc/nios2-elf/5.3.0/../../../../../H-x86_64-mingw32/nios2-elf/lib/mno-hw-mul\libc.a(lib_a-mprec.o)
                0x000000000100b6b8                __d2b
 .text.__ratio  0x000000000100b804       0xa4 d:/intelfpga_lite/18.0/nios2eds/bin/gnu/h-x86_64-mingw32/bin/../lib/gcc/nios2-elf/5.3.0/../../../../../H-x86_64-mingw32/nios2-elf/lib/mno-hw-mul\libc.a(lib_a-mprec.o)
                0x000000000100b804                __ratio
 .text._mprec_log10
                0x000000000100b8a8       0x74 d:/intelfpga_lite/18.0/nios2eds/bin/gnu/h-x86_64-mingw32/bin/../lib/gcc/nios2-elf/5.3.0/../../../../../H-x86_64-mingw32/nios2-elf/lib/mno-hw-mul\libc.a(lib_a-mprec.o)
                0x000000000100b8a8                _mprec_log10
 .text.__copybits
                0x000000000100b91c       0x78 d:/intelfpga_lite/18.0/nios2eds/bin/gnu/h-x86_64-mingw32/bin/../lib/gcc/nios2-elf/5.3.0/../../../../../H-x86_64-mingw32/nios2-elf/lib/mno-hw-mul\libc.a(lib_a-mprec.o)
                0x000000000100b91c                __copybits
 .text.__any_on
                0x000000000100b994       0x8c d:/intelfpga_lite/18.0/nios2eds/bin/gnu/h-x86_64-mingw32/bin/../lib/gcc/nios2-elf/5.3.0/../../../../../H-x86_64-mingw32/nios2-elf/lib/mno-hw-mul\libc.a(lib_a-mprec.o)
                0x000000000100b994                __any_on
 .text          0x000000000100ba20        0x0 d:/intelfpga_lite/18.0/nios2eds/bin/gnu/h-x86_64-mingw32/bin/../lib/gcc/nios2-elf/5.3.0/../../../../../H-x86_64-mingw32/nios2-elf/lib/mno-hw-mul\libc.a(lib_a-putc.o)
 .text._putc_r  0x000000000100ba20       0xa0 d:/intelfpga_lite/18.0/nios2eds/bin/gnu/h-x86_64-mingw32/bin/../lib/gcc/nios2-elf/5.3.0/../../../../../H-x86_64-mingw32/nios2-elf/lib/mno-hw-mul\libc.a(lib_a-putc.o)
                0x000000000100ba20                _putc_r
 .text.putc     0x000000000100bac0       0xc8 d:/intelfpga_lite/18.0/nios2eds/bin/gnu/h-x86_64-mingw32/bin/../lib/gcc/nios2-elf/5.3.0/../../../../../H-x86_64-mingw32/nios2-elf/lib/mno-hw-mul\libc.a(lib_a-putc.o)
                0x000000000100bac0                putc
 .text          0x000000000100bb88        0x0 d:/intelfpga_lite/18.0/nios2eds/bin/gnu/h-x86_64-mingw32/bin/../lib/gcc/nios2-elf/5.3.0/../../../../../H-x86_64-mingw32/nios2-elf/lib/mno-hw-mul\libc.a(lib_a-reallocr.o)
 .text._realloc_r
                0x000000000100bb88      0x564 d:/intelfpga_lite/18.0/nios2eds/bin/gnu/h-x86_64-mingw32/bin/../lib/gcc/nios2-elf/5.3.0/../../../../../H-x86_64-mingw32/nios2-elf/lib/mno-hw-mul\libc.a(lib_a-reallocr.o)
                0x000000000100bb88                _realloc_r
 .text          0x000000000100c0ec        0x0 d:/intelfpga_lite/18.0/nios2eds/bin/gnu/h-x86_64-mingw32/bin/../lib/gcc/nios2-elf/5.3.0/../../../../../H-x86_64-mingw32/nios2-elf/lib/mno-hw-mul\libc.a(lib_a-refill.o)
 .text.lflush   0x000000000100c0ec       0x1c d:/intelfpga_lite/18.0/nios2eds/bin/gnu/h-x86_64-mingw32/bin/../lib/gcc/nios2-elf/5.3.0/../../../../../H-x86_64-mingw32/nios2-elf/lib/mno-hw-mul\libc.a(lib_a-refill.o)
 .text.__srefill_r
                0x000000000100c108      0x1d4 d:/intelfpga_lite/18.0/nios2eds/bin/gnu/h-x86_64-mingw32/bin/../lib/gcc/nios2-elf/5.3.0/../../../../../H-x86_64-mingw32/nios2-elf/lib/mno-hw-mul\libc.a(lib_a-refill.o)
                0x000000000100c108                __srefill_r
 .text          0x000000000100c2dc        0x0 d:/intelfpga_lite/18.0/nios2eds/bin/gnu/h-x86_64-mingw32/bin/../lib/gcc/nios2-elf/5.3.0/../../../../../H-x86_64-mingw32/nios2-elf/lib/mno-hw-mul\libc.a(lib_a-s_fpclassify.o)
 .text.__fpclassifyd
                0x000000000100c2dc       0x74 d:/intelfpga_lite/18.0/nios2eds/bin/gnu/h-x86_64-mingw32/bin/../lib/gcc/nios2-elf/5.3.0/../../../../../H-x86_64-mingw32/nios2-elf/lib/mno-hw-mul\libc.a(lib_a-s_fpclassify.o)
                0x000000000100c2dc                __fpclassifyd
 .text          0x000000000100c350        0x0 d:/intelfpga_lite/18.0/nios2eds/bin/gnu/h-x86_64-mingw32/bin/../lib/gcc/nios2-elf/5.3.0/../../../../../H-x86_64-mingw32/nios2-elf/lib/mno-hw-mul\libc.a(lib_a-sbrkr.o)
 .text._sbrk_r  0x000000000100c350       0x54 d:/intelfpga_lite/18.0/nios2eds/bin/gnu/h-x86_64-mingw32/bin/../lib/gcc/nios2-elf/5.3.0/../../../../../H-x86_64-mingw32/nios2-elf/lib/mno-hw-mul\libc.a(lib_a-sbrkr.o)
                0x000000000100c350                _sbrk_r
 .text          0x000000000100c3a4        0x0 d:/intelfpga_lite/18.0/nios2eds/bin/gnu/h-x86_64-mingw32/bin/../lib/gcc/nios2-elf/5.3.0/../../../../../H-x86_64-mingw32/nios2-elf/lib/mno-hw-mul\libc.a(lib_a-sccl.o)
 .text.__sccl   0x000000000100c3a4       0xd0 d:/intelfpga_lite/18.0/nios2eds/bin/gnu/h-x86_64-mingw32/bin/../lib/gcc/nios2-elf/5.3.0/../../../../../H-x86_64-mingw32/nios2-elf/lib/mno-hw-mul\libc.a(lib_a-sccl.o)
                0x000000000100c3a4                __sccl
 .text          0x000000000100c474        0x0 d:/intelfpga_lite/18.0/nios2eds/bin/gnu/h-x86_64-mingw32/bin/../lib/gcc/nios2-elf/5.3.0/../../../../../H-x86_64-mingw32/nios2-elf/lib/mno-hw-mul\libc.a(lib_a-sf_nan.o)
 .text.nanf     0x000000000100c474        0x8 d:/intelfpga_lite/18.0/nios2eds/bin/gnu/h-x86_64-mingw32/bin/../lib/gcc/nios2-elf/5.3.0/../../../../../H-x86_64-mingw32/nios2-elf/lib/mno-hw-mul\libc.a(lib_a-sf_nan.o)
                0x000000000100c474                nanf
 .text          0x000000000100c47c        0x0 d:/intelfpga_lite/18.0/nios2eds/bin/gnu/h-x86_64-mingw32/bin/../lib/gcc/nios2-elf/5.3.0/../../../../../H-x86_64-mingw32/nios2-elf/lib/mno-hw-mul\libc.a(lib_a-sprintf.o)
 .text._sprintf_r
                0x000000000100c47c       0x58 d:/intelfpga_lite/18.0/nios2eds/bin/gnu/h-x86_64-mingw32/bin/../lib/gcc/nios2-elf/5.3.0/../../../../../H-x86_64-mingw32/nios2-elf/lib/mno-hw-mul\libc.a(lib_a-sprintf.o)
                0x000000000100c47c                _sprintf_r
 .text.sprintf  0x000000000100c4d4       0x6c d:/intelfpga_lite/18.0/nios2eds/bin/gnu/h-x86_64-mingw32/bin/../lib/gcc/nios2-elf/5.3.0/../../../../../H-x86_64-mingw32/nios2-elf/lib/mno-hw-mul\libc.a(lib_a-sprintf.o)
                0x000000000100c4d4                sprintf
 .text          0x000000000100c540        0x0 d:/intelfpga_lite/18.0/nios2eds/bin/gnu/h-x86_64-mingw32/bin/../lib/gcc/nios2-elf/5.3.0/../../../../../H-x86_64-mingw32/nios2-elf/lib/mno-hw-mul\libc.a(lib_a-stdio.o)
 .text.__sread  0x000000000100c540       0x54 d:/intelfpga_lite/18.0/nios2eds/bin/gnu/h-x86_64-mingw32/bin/../lib/gcc/nios2-elf/5.3.0/../../../../../H-x86_64-mingw32/nios2-elf/lib/mno-hw-mul\libc.a(lib_a-stdio.o)
                0x000000000100c540                __sread
 .text.__seofread
                0x000000000100c594        0x8 d:/intelfpga_lite/18.0/nios2eds/bin/gnu/h-x86_64-mingw32/bin/../lib/gcc/nios2-elf/5.3.0/../../../../../H-x86_64-mingw32/nios2-elf/lib/mno-hw-mul\libc.a(lib_a-stdio.o)
                0x000000000100c594                __seofread
 .text.__swrite
                0x000000000100c59c       0x7c d:/intelfpga_lite/18.0/nios2eds/bin/gnu/h-x86_64-mingw32/bin/../lib/gcc/nios2-elf/5.3.0/../../../../../H-x86_64-mingw32/nios2-elf/lib/mno-hw-mul\libc.a(lib_a-stdio.o)
                0x000000000100c59c                __swrite
 .text.__sseek  0x000000000100c618       0x5c d:/intelfpga_lite/18.0/nios2eds/bin/gnu/h-x86_64-mingw32/bin/../lib/gcc/nios2-elf/5.3.0/../../../../../H-x86_64-mingw32/nios2-elf/lib/mno-hw-mul\libc.a(lib_a-stdio.o)
                0x000000000100c618                __sseek
 .text.__sclose
                0x000000000100c674        0x8 d:/intelfpga_lite/18.0/nios2eds/bin/gnu/h-x86_64-mingw32/bin/../lib/gcc/nios2-elf/5.3.0/../../../../../H-x86_64-mingw32/nios2-elf/lib/mno-hw-mul\libc.a(lib_a-stdio.o)
                0x000000000100c674                __sclose
 .text          0x000000000100c67c        0x0 d:/intelfpga_lite/18.0/nios2eds/bin/gnu/h-x86_64-mingw32/bin/../lib/gcc/nios2-elf/5.3.0/../../../../../H-x86_64-mingw32/nios2-elf/lib/mno-hw-mul\libc.a(lib_a-strcmp.o)
 .text.strcmp   0x000000000100c67c       0xdc d:/intelfpga_lite/18.0/nios2eds/bin/gnu/h-x86_64-mingw32/bin/../lib/gcc/nios2-elf/5.3.0/../../../../../H-x86_64-mingw32/nios2-elf/lib/mno-hw-mul\libc.a(lib_a-strcmp.o)
                0x000000000100c67c                strcmp
 .text          0x000000000100c758        0x0 d:/intelfpga_lite/18.0/nios2eds/bin/gnu/h-x86_64-mingw32/bin/../lib/gcc/nios2-elf/5.3.0/../../../../../H-x86_64-mingw32/nios2-elf/lib/mno-hw-mul\libc.a(lib_a-strtod.o)
 .text.sulp     0x000000000100c758       0x64 d:/intelfpga_lite/18.0/nios2eds/bin/gnu/h-x86_64-mingw32/bin/../lib/gcc/nios2-elf/5.3.0/../../../../../H-x86_64-mingw32/nios2-elf/lib/mno-hw-mul\libc.a(lib_a-strtod.o)
 .text._strtod_r
                0x000000000100c7bc     0x15e4 d:/intelfpga_lite/18.0/nios2eds/bin/gnu/h-x86_64-mingw32/bin/../lib/gcc/nios2-elf/5.3.0/../../../../../H-x86_64-mingw32/nios2-elf/lib/mno-hw-mul\libc.a(lib_a-strtod.o)
                0x000000000100c7bc                _strtod_r
 .text.strtod   0x000000000100dda0       0x18 d:/intelfpga_lite/18.0/nios2eds/bin/gnu/h-x86_64-mingw32/bin/../lib/gcc/nios2-elf/5.3.0/../../../../../H-x86_64-mingw32/nios2-elf/lib/mno-hw-mul\libc.a(lib_a-strtod.o)
                0x000000000100dda0                strtod
 .text.strtof   0x000000000100ddb8      0x100 d:/intelfpga_lite/18.0/nios2eds/bin/gnu/h-x86_64-mingw32/bin/../lib/gcc/nios2-elf/5.3.0/../../../../../H-x86_64-mingw32/nios2-elf/lib/mno-hw-mul\libc.a(lib_a-strtod.o)
                0x000000000100ddb8                strtof
 .text          0x000000000100deb8        0x0 d:/intelfpga_lite/18.0/nios2eds/bin/gnu/h-x86_64-mingw32/bin/../lib/gcc/nios2-elf/5.3.0/../../../../../H-x86_64-mingw32/nios2-elf/lib/mno-hw-mul\libc.a(lib_a-strtol.o)
 .text._strtol_r
                0x000000000100deb8      0x258 d:/intelfpga_lite/18.0/nios2eds/bin/gnu/h-x86_64-mingw32/bin/../lib/gcc/nios2-elf/5.3.0/../../../../../H-x86_64-mingw32/nios2-elf/lib/mno-hw-mul\libc.a(lib_a-strtol.o)
                0x000000000100deb8                _strtol_r
 .text.strtol   0x000000000100e110       0x1c d:/intelfpga_lite/18.0/nios2eds/bin/gnu/h-x86_64-mingw32/bin/../lib/gcc/nios2-elf/5.3.0/../../../../../H-x86_64-mingw32/nios2-elf/lib/mno-hw-mul\libc.a(lib_a-strtol.o)
                0x000000000100e110                strtol
 .text          0x000000000100e12c        0x0 d:/intelfpga_lite/18.0/nios2eds/bin/gnu/h-x86_64-mingw32/bin/../lib/gcc/nios2-elf/5.3.0/../../../../../H-x86_64-mingw32/nios2-elf/lib/mno-hw-mul\libc.a(lib_a-strtoll_r.o)
 .text._strtoll_r
                0x000000000100e12c      0x304 d:/intelfpga_lite/18.0/nios2eds/bin/gnu/h-x86_64-mingw32/bin/../lib/gcc/nios2-elf/5.3.0/../../../../../H-x86_64-mingw32/nios2-elf/lib/mno-hw-mul\libc.a(lib_a-strtoll_r.o)
                0x000000000100e12c                _strtoll_r
 .text          0x000000000100e430        0x0 d:/intelfpga_lite/18.0/nios2eds/bin/gnu/h-x86_64-mingw32/bin/../lib/gcc/nios2-elf/5.3.0/../../../../../H-x86_64-mingw32/nios2-elf/lib/mno-hw-mul\libc.a(lib_a-strtoul.o)
 .text._strtoul_r
                0x000000000100e430      0x278 d:/intelfpga_lite/18.0/nios2eds/bin/gnu/h-x86_64-mingw32/bin/../lib/gcc/nios2-elf/5.3.0/../../../../../H-x86_64-mingw32/nios2-elf/lib/mno-hw-mul\libc.a(lib_a-strtoul.o)
                0x000000000100e430                _strtoul_r
 .text.strtoul  0x000000000100e6a8       0x1c d:/intelfpga_lite/18.0/nios2eds/bin/gnu/h-x86_64-mingw32/bin/../lib/gcc/nios2-elf/5.3.0/../../../../../H-x86_64-mingw32/nios2-elf/lib/mno-hw-mul\libc.a(lib_a-strtoul.o)
                0x000000000100e6a8                strtoul
 .text          0x000000000100e6c4        0x0 d:/intelfpga_lite/18.0/nios2eds/bin/gnu/h-x86_64-mingw32/bin/../lib/gcc/nios2-elf/5.3.0/../../../../../H-x86_64-mingw32/nios2-elf/lib/mno-hw-mul\libc.a(lib_a-strtoull_r.o)
 .text._strtoull_r
                0x000000000100e6c4      0x320 d:/intelfpga_lite/18.0/nios2eds/bin/gnu/h-x86_64-mingw32/bin/../lib/gcc/nios2-elf/5.3.0/../../../../../H-x86_64-mingw32/nios2-elf/lib/mno-hw-mul\libc.a(lib_a-strtoull_r.o)
                0x000000000100e6c4                _strtoull_r
 .text          0x000000000100e9e4        0x0 d:/intelfpga_lite/18.0/nios2eds/bin/gnu/h-x86_64-mingw32/bin/../lib/gcc/nios2-elf/5.3.0/../../../../../H-x86_64-mingw32/nios2-elf/lib/mno-hw-mul\libc.a(lib_a-svfprintf.o)
 .text.___svfprintf_internal_r
                0x000000000100e9e4     0x22bc d:/intelfpga_lite/18.0/nios2eds/bin/gnu/h-x86_64-mingw32/bin/../lib/gcc/nios2-elf/5.3.0/../../../../../H-x86_64-mingw32/nios2-elf/lib/mno-hw-mul\libc.a(lib_a-svfprintf.o)
                0x000000000100e9e4                ___svfprintf_internal_r
 .text          0x0000000001010ca0        0x0 d:/intelfpga_lite/18.0/nios2eds/bin/gnu/h-x86_64-mingw32/bin/../lib/gcc/nios2-elf/5.3.0/../../../../../H-x86_64-mingw32/nios2-elf/lib/mno-hw-mul\libc.a(lib_a-ungetc.o)
 .text.__submore
                0x0000000001010ca0       0xd4 d:/intelfpga_lite/18.0/nios2eds/bin/gnu/h-x86_64-mingw32/bin/../lib/gcc/nios2-elf/5.3.0/../../../../../H-x86_64-mingw32/nios2-elf/lib/mno-hw-mul\libc.a(lib_a-ungetc.o)
                0x0000000001010ca0                __submore
 .text._ungetc_r
                0x0000000001010d74      0x194 d:/intelfpga_lite/18.0/nios2eds/bin/gnu/h-x86_64-mingw32/bin/../lib/gcc/nios2-elf/5.3.0/../../../../../H-x86_64-mingw32/nios2-elf/lib/mno-hw-mul\libc.a(lib_a-ungetc.o)
                0x0000000001010d74                _ungetc_r
 .text.ungetc   0x0000000001010f08       0x18 d:/intelfpga_lite/18.0/nios2eds/bin/gnu/h-x86_64-mingw32/bin/../lib/gcc/nios2-elf/5.3.0/../../../../../H-x86_64-mingw32/nios2-elf/lib/mno-hw-mul\libc.a(lib_a-ungetc.o)
                0x0000000001010f08                ungetc
 .text          0x0000000001010f20        0x0 d:/intelfpga_lite/18.0/nios2eds/bin/gnu/h-x86_64-mingw32/bin/../lib/gcc/nios2-elf/5.3.0/../../../../../H-x86_64-mingw32/nios2-elf/lib/mno-hw-mul\libc.a(lib_a-vfiprintf.o)
 .text.__sprint_r.part.0
                0x0000000001010f20       0xfc d:/intelfpga_lite/18.0/nios2eds/bin/gnu/h-x86_64-mingw32/bin/../lib/gcc/nios2-elf/5.3.0/../../../../../H-x86_64-mingw32/nios2-elf/lib/mno-hw-mul\libc.a(lib_a-vfiprintf.o)
 .text.__sprint_r
                0x000000000101101c       0x18 d:/intelfpga_lite/18.0/nios2eds/bin/gnu/h-x86_64-mingw32/bin/../lib/gcc/nios2-elf/5.3.0/../../../../../H-x86_64-mingw32/nios2-elf/lib/mno-hw-mul\libc.a(lib_a-vfiprintf.o)
                0x000000000101101c                __sprint_r
 .text.___vfiprintf_internal_r
                0x0000000001011034     0x150c d:/intelfpga_lite/18.0/nios2eds/bin/gnu/h-x86_64-mingw32/bin/../lib/gcc/nios2-elf/5.3.0/../../../../../H-x86_64-mingw32/nios2-elf/lib/mno-hw-mul\libc.a(lib_a-vfiprintf.o)
                0x0000000001011034                ___vfiprintf_internal_r
 .text.__vfiprintf_internal
                0x0000000001012540       0x1c d:/intelfpga_lite/18.0/nios2eds/bin/gnu/h-x86_64-mingw32/bin/../lib/gcc/nios2-elf/5.3.0/../../../../../H-x86_64-mingw32/nios2-elf/lib/mno-hw-mul\libc.a(lib_a-vfiprintf.o)
                0x0000000001012540                __vfiprintf_internal
 .text.__sbprintf
                0x000000000101255c       0xbc d:/intelfpga_lite/18.0/nios2eds/bin/gnu/h-x86_64-mingw32/bin/../lib/gcc/nios2-elf/5.3.0/../../../../../H-x86_64-mingw32/nios2-elf/lib/mno-hw-mul\libc.a(lib_a-vfiprintf.o)
 .text          0x0000000001012618        0x0 d:/intelfpga_lite/18.0/nios2eds/bin/gnu/h-x86_64-mingw32/bin/../lib/gcc/nios2-elf/5.3.0/../../../../../H-x86_64-mingw32/nios2-elf/lib/mno-hw-mul\libc.a(lib_a-wbuf.o)
 .text.__swbuf_r
                0x0000000001012618      0x140 d:/intelfpga_lite/18.0/nios2eds/bin/gnu/h-x86_64-mingw32/bin/../lib/gcc/nios2-elf/5.3.0/../../../../../H-x86_64-mingw32/nios2-elf/lib/mno-hw-mul\libc.a(lib_a-wbuf.o)
                0x0000000001012618                __swbuf_r
 .text.__swbuf  0x0000000001012758       0x18 d:/intelfpga_lite/18.0/nios2eds/bin/gnu/h-x86_64-mingw32/bin/../lib/gcc/nios2-elf/5.3.0/../../../../../H-x86_64-mingw32/nios2-elf/lib/mno-hw-mul\libc.a(lib_a-wbuf.o)
                0x0000000001012758                __swbuf
 .text          0x0000000001012770        0x0 d:/intelfpga_lite/18.0/nios2eds/bin/gnu/h-x86_64-mingw32/bin/../lib/gcc/nios2-elf/5.3.0/../../../../../H-x86_64-mingw32/nios2-elf/lib/mno-hw-mul\libc.a(lib_a-writer.o)
 .text._write_r
                0x0000000001012770       0x60 d:/intelfpga_lite/18.0/nios2eds/bin/gnu/h-x86_64-mingw32/bin/../lib/gcc/nios2-elf/5.3.0/../../../../../H-x86_64-mingw32/nios2-elf/lib/mno-hw-mul\libc.a(lib_a-writer.o)
                0x0000000001012770                _write_r
 .text          0x00000000010127d0        0x0 d:/intelfpga_lite/18.0/nios2eds/bin/gnu/h-x86_64-mingw32/bin/../lib/gcc/nios2-elf/5.3.0/../../../../../H-x86_64-mingw32/nios2-elf/lib/mno-hw-mul\libc.a(closer.o)
 .text._close_r
                0x00000000010127d0       0x54 d:/intelfpga_lite/18.0/nios2eds/bin/gnu/h-x86_64-mingw32/bin/../lib/gcc/nios2-elf/5.3.0/../../../../../H-x86_64-mingw32/nios2-elf/lib/mno-hw-mul\libc.a(closer.o)
                0x00000000010127d0                _close_r
 .text          0x0000000001012824        0x0 d:/intelfpga_lite/18.0/nios2eds/bin/gnu/h-x86_64-mingw32/bin/../lib/gcc/nios2-elf/5.3.0/../../../../../H-x86_64-mingw32/nios2-elf/lib/mno-hw-mul\libc.a(lib_a-callocr.o)
 .text._calloc_r
                0x0000000001012824       0xdc d:/intelfpga_lite/18.0/nios2eds/bin/gnu/h-x86_64-mingw32/bin/../lib/gcc/nios2-elf/5.3.0/../../../../../H-x86_64-mingw32/nios2-elf/lib/mno-hw-mul\libc.a(lib_a-callocr.o)
                0x0000000001012824                _calloc_r
 .text          0x0000000001012900        0x0 d:/intelfpga_lite/18.0/nios2eds/bin/gnu/h-x86_64-mingw32/bin/../lib/gcc/nios2-elf/5.3.0/../../../../../H-x86_64-mingw32/nios2-elf/lib/mno-hw-mul\libc.a(lib_a-fclose.o)
 .text._fclose_r
                0x0000000001012900       0xf0 d:/intelfpga_lite/18.0/nios2eds/bin/gnu/h-x86_64-mingw32/bin/../lib/gcc/nios2-elf/5.3.0/../../../../../H-x86_64-mingw32/nios2-elf/lib/mno-hw-mul\libc.a(lib_a-fclose.o)
                0x0000000001012900                _fclose_r
 .text.fclose   0x00000000010129f0       0x14 d:/intelfpga_lite/18.0/nios2eds/bin/gnu/h-x86_64-mingw32/bin/../lib/gcc/nios2-elf/5.3.0/../../../../../H-x86_64-mingw32/nios2-elf/lib/mno-hw-mul\libc.a(lib_a-fclose.o)
                0x00000000010129f0                fclose
 .text          0x0000000001012a04        0x0 d:/intelfpga_lite/18.0/nios2eds/bin/gnu/h-x86_64-mingw32/bin/../lib/gcc/nios2-elf/5.3.0/../../../../../H-x86_64-mingw32/nios2-elf/lib/mno-hw-mul\libc.a(lib_a-fputwc.o)
 .text.__fputwc
                0x0000000001012a04      0x164 d:/intelfpga_lite/18.0/nios2eds/bin/gnu/h-x86_64-mingw32/bin/../lib/gcc/nios2-elf/5.3.0/../../../../../H-x86_64-mingw32/nios2-elf/lib/mno-hw-mul\libc.a(lib_a-fputwc.o)
                0x0000000001012a04                __fputwc
 .text._fputwc_r
                0x0000000001012b68       0x24 d:/intelfpga_lite/18.0/nios2eds/bin/gnu/h-x86_64-mingw32/bin/../lib/gcc/nios2-elf/5.3.0/../../../../../H-x86_64-mingw32/nios2-elf/lib/mno-hw-mul\libc.a(lib_a-fputwc.o)
                0x0000000001012b68                _fputwc_r
 .text.fputwc   0x0000000001012b8c       0x80 d:/intelfpga_lite/18.0/nios2eds/bin/gnu/h-x86_64-mingw32/bin/../lib/gcc/nios2-elf/5.3.0/../../../../../H-x86_64-mingw32/nios2-elf/lib/mno-hw-mul\libc.a(lib_a-fputwc.o)
                0x0000000001012b8c                fputwc
 .text          0x0000000001012c0c        0x0 d:/intelfpga_lite/18.0/nios2eds/bin/gnu/h-x86_64-mingw32/bin/../lib/gcc/nios2-elf/5.3.0/../../../../../H-x86_64-mingw32/nios2-elf/lib/mno-hw-mul\libc.a(lib_a-fstatr.o)
 .text._fstat_r
                0x0000000001012c0c       0x5c d:/intelfpga_lite/18.0/nios2eds/bin/gnu/h-x86_64-mingw32/bin/../lib/gcc/nios2-elf/5.3.0/../../../../../H-x86_64-mingw32/nios2-elf/lib/mno-hw-mul\libc.a(lib_a-fstatr.o)
                0x0000000001012c0c                _fstat_r
 .text          0x0000000001012c68        0x0 d:/intelfpga_lite/18.0/nios2eds/bin/gnu/h-x86_64-mingw32/bin/../lib/gcc/nios2-elf/5.3.0/../../../../../H-x86_64-mingw32/nios2-elf/lib/mno-hw-mul\libc.a(lib_a-gdtoa-gethex.o)
 .text.rshift   0x0000000001012c68      0x100 d:/intelfpga_lite/18.0/nios2eds/bin/gnu/h-x86_64-mingw32/bin/../lib/gcc/nios2-elf/5.3.0/../../../../../H-x86_64-mingw32/nios2-elf/lib/mno-hw-mul\libc.a(lib_a-gdtoa-gethex.o)
 .text.__gethex
                0x0000000001012d68      0x850 d:/intelfpga_lite/18.0/nios2eds/bin/gnu/h-x86_64-mingw32/bin/../lib/gcc/nios2-elf/5.3.0/../../../../../H-x86_64-mingw32/nios2-elf/lib/mno-hw-mul\libc.a(lib_a-gdtoa-gethex.o)
                0x0000000001012d68                __gethex
 .text          0x00000000010135b8        0x0 d:/intelfpga_lite/18.0/nios2eds/bin/gnu/h-x86_64-mingw32/bin/../lib/gcc/nios2-elf/5.3.0/../../../../../H-x86_64-mingw32/nios2-elf/lib/mno-hw-mul\libc.a(lib_a-gdtoa-hexnan.o)
 .text.__hexnan
                0x00000000010135b8      0x25c d:/intelfpga_lite/18.0/nios2eds/bin/gnu/h-x86_64-mingw32/bin/../lib/gcc/nios2-elf/5.3.0/../../../../../H-x86_64-mingw32/nios2-elf/lib/mno-hw-mul\libc.a(lib_a-gdtoa-hexnan.o)
                0x00000000010135b8                __hexnan
 .text          0x0000000001013814        0x0 d:/intelfpga_lite/18.0/nios2eds/bin/gnu/h-x86_64-mingw32/bin/../lib/gcc/nios2-elf/5.3.0/../../../../../H-x86_64-mingw32/nios2-elf/lib/mno-hw-mul\libc.a(lib_a-int_errno.o)
 .text          0x0000000001013814        0x0 d:/intelfpga_lite/18.0/nios2eds/bin/gnu/h-x86_64-mingw32/bin/../lib/gcc/nios2-elf/5.3.0/../../../../../H-x86_64-mingw32/nios2-elf/lib/mno-hw-mul\libc.a(lib_a-isattyr.o)
 .text._isatty_r
                0x0000000001013814       0x54 d:/intelfpga_lite/18.0/nios2eds/bin/gnu/h-x86_64-mingw32/bin/../lib/gcc/nios2-elf/5.3.0/../../../../../H-x86_64-mingw32/nios2-elf/lib/mno-hw-mul\libc.a(lib_a-isattyr.o)
                0x0000000001013814                _isatty_r
 .text          0x0000000001013868        0x0 d:/intelfpga_lite/18.0/nios2eds/bin/gnu/h-x86_64-mingw32/bin/../lib/gcc/nios2-elf/5.3.0/../../../../../H-x86_64-mingw32/nios2-elf/lib/mno-hw-mul\libc.a(lib_a-lseekr.o)
 .text._lseek_r
                0x0000000001013868       0x60 d:/intelfpga_lite/18.0/nios2eds/bin/gnu/h-x86_64-mingw32/bin/../lib/gcc/nios2-elf/5.3.0/../../../../../H-x86_64-mingw32/nios2-elf/lib/mno-hw-mul\libc.a(lib_a-lseekr.o)
                0x0000000001013868                _lseek_r
 .text          0x00000000010138c8        0x0 d:/intelfpga_lite/18.0/nios2eds/bin/gnu/h-x86_64-mingw32/bin/../lib/gcc/nios2-elf/5.3.0/../../../../../H-x86_64-mingw32/nios2-elf/lib/mno-hw-mul\libc.a(lib_a-readr.o)
 .text._read_r  0x00000000010138c8       0x60 d:/intelfpga_lite/18.0/nios2eds/bin/gnu/h-x86_64-mingw32/bin/../lib/gcc/nios2-elf/5.3.0/../../../../../H-x86_64-mingw32/nios2-elf/lib/mno-hw-mul\libc.a(lib_a-readr.o)
                0x00000000010138c8                _read_r
 .text          0x0000000001013928        0x0 d:/intelfpga_lite/18.0/nios2eds/bin/gnu/h-x86_64-mingw32/bin/../lib/gcc/nios2-elf/5.3.0/../../../../../H-x86_64-mingw32/nios2-elf/lib/mno-hw-mul\libc.a(lib_a-strncmp.o)
 .text.strncmp  0x0000000001013928       0xd0 d:/intelfpga_lite/18.0/nios2eds/bin/gnu/h-x86_64-mingw32/bin/../lib/gcc/nios2-elf/5.3.0/../../../../../H-x86_64-mingw32/nios2-elf/lib/mno-hw-mul\libc.a(lib_a-strncmp.o)
                0x0000000001013928                strncmp
 .text          0x00000000010139f8        0x0 d:/intelfpga_lite/18.0/nios2eds/bin/gnu/h-x86_64-mingw32/bin/../lib/gcc/nios2-elf/5.3.0/../../../../../H-x86_64-mingw32/nios2-elf/lib/mno-hw-mul\libc.a(lib_a-svfiprintf.o)
 .text.__ssprint_r
                0x00000000010139f8      0x1d0 d:/intelfpga_lite/18.0/nios2eds/bin/gnu/h-x86_64-mingw32/bin/../lib/gcc/nios2-elf/5.3.0/../../../../../H-x86_64-mingw32/nios2-elf/lib/mno-hw-mul\libc.a(lib_a-svfiprintf.o)
                0x00000000010139f8                __ssprint_r
 .text.___svfiprintf_internal_r
                0x0000000001013bc8     0x13a0 d:/intelfpga_lite/18.0/nios2eds/bin/gnu/h-x86_64-mingw32/bin/../lib/gcc/nios2-elf/5.3.0/../../../../../H-x86_64-mingw32/nios2-elf/lib/mno-hw-mul\libc.a(lib_a-svfiprintf.o)
                0x0000000001013bc8                ___svfiprintf_internal_r
 .text          0x0000000001014f68        0x0 d:/intelfpga_lite/18.0/nios2eds/bin/gnu/h-x86_64-mingw32/bin/../lib/gcc/nios2-elf/5.3.0/../../../../../H-x86_64-mingw32/nios2-elf/lib/mno-hw-mul\libc.a(lib_a-wcrtomb.o)
 .text._wcrtomb_r
                0x0000000001014f68       0x9c d:/intelfpga_lite/18.0/nios2eds/bin/gnu/h-x86_64-mingw32/bin/../lib/gcc/nios2-elf/5.3.0/../../../../../H-x86_64-mingw32/nios2-elf/lib/mno-hw-mul\libc.a(lib_a-wcrtomb.o)
                0x0000000001014f68                _wcrtomb_r
 .text.wcrtomb  0x0000000001015004       0xc0 d:/intelfpga_lite/18.0/nios2eds/bin/gnu/h-x86_64-mingw32/bin/../lib/gcc/nios2-elf/5.3.0/../../../../../H-x86_64-mingw32/nios2-elf/lib/mno-hw-mul\libc.a(lib_a-wcrtomb.o)
                0x0000000001015004                wcrtomb
 .text          0x00000000010150c4        0x0 d:/intelfpga_lite/18.0/nios2eds/bin/gnu/h-x86_64-mingw32/bin/../lib/gcc/nios2-elf/5.3.0/../../../../../H-x86_64-mingw32/nios2-elf/lib/mno-hw-mul\libc.a(lib_a-wctomb_r.o)
 .text.__ascii_wctomb
                0x00000000010150c4       0x30 d:/intelfpga_lite/18.0/nios2eds/bin/gnu/h-x86_64-mingw32/bin/../lib/gcc/nios2-elf/5.3.0/../../../../../H-x86_64-mingw32/nios2-elf/lib/mno-hw-mul\libc.a(lib_a-wctomb_r.o)
                0x00000000010150c4                __ascii_wctomb
 .text._wctomb_r
                0x00000000010150f4       0x5c d:/intelfpga_lite/18.0/nios2eds/bin/gnu/h-x86_64-mingw32/bin/../lib/gcc/nios2-elf/5.3.0/../../../../../H-x86_64-mingw32/nios2-elf/lib/mno-hw-mul\libc.a(lib_a-wctomb_r.o)
                0x00000000010150f4                _wctomb_r
 .text          0x0000000001015150      0x10c d:/intelfpga_lite/18.0/nios2eds/bin/gnu/h-x86_64-mingw32/bin/../lib/gcc/nios2-elf/5.3.0/mno-hw-mul\libgcc.a(_muldi3.o)
                0x0000000001015150                __muldi3
 .text          0x000000000101525c       0x74 d:/intelfpga_lite/18.0/nios2eds/bin/gnu/h-x86_64-mingw32/bin/../lib/gcc/nios2-elf/5.3.0/mno-hw-mul\libgcc.a(_fixunsdfsi.o)
                0x000000000101525c                __fixunsdfsi
 .text          0x00000000010152d0      0x5fc d:/intelfpga_lite/18.0/nios2eds/bin/gnu/h-x86_64-mingw32/bin/../lib/gcc/nios2-elf/5.3.0/mno-hw-mul\libgcc.a(_udivdi3.o)
                0x00000000010152d0                __udivdi3
 .text          0x00000000010158cc      0x5c4 d:/intelfpga_lite/18.0/nios2eds/bin/gnu/h-x86_64-mingw32/bin/../lib/gcc/nios2-elf/5.3.0/mno-hw-mul\libgcc.a(_umoddi3.o)
                0x00000000010158cc                __umoddi3
 .text          0x0000000001015e90       0x78 d:/intelfpga_lite/18.0/nios2eds/bin/gnu/h-x86_64-mingw32/bin/../lib/gcc/nios2-elf/5.3.0/mno-hw-mul\libgcc.a(eqsf2.o)
                0x0000000001015e90                __eqsf2
                0x0000000001015e90                __nesf2
 .text          0x0000000001015f08       0xbc d:/intelfpga_lite/18.0/nios2eds/bin/gnu/h-x86_64-mingw32/bin/../lib/gcc/nios2-elf/5.3.0/mno-hw-mul\libgcc.a(gesf2.o)
                0x0000000001015f08                __gesf2
                0x0000000001015f08                __gtsf2
 .text          0x0000000001015fc4       0xc8 d:/intelfpga_lite/18.0/nios2eds/bin/gnu/h-x86_64-mingw32/bin/../lib/gcc/nios2-elf/5.3.0/mno-hw-mul\libgcc.a(lesf2.o)
                0x0000000001015fc4                __ltsf2
                0x0000000001015fc4                __lesf2
 .text          0x000000000101608c      0x8ac d:/intelfpga_lite/18.0/nios2eds/bin/gnu/h-x86_64-mingw32/bin/../lib/gcc/nios2-elf/5.3.0/mno-hw-mul\libgcc.a(adddf3.o)
                0x000000000101608c                __adddf3
 .text          0x0000000001016938       0x88 d:/intelfpga_lite/18.0/nios2eds/bin/gnu/h-x86_64-mingw32/bin/../lib/gcc/nios2-elf/5.3.0/mno-hw-mul\libgcc.a(eqdf2.o)
                0x0000000001016938                __nedf2
                0x0000000001016938                __eqdf2
 .text          0x00000000010169c0       0xdc d:/intelfpga_lite/18.0/nios2eds/bin/gnu/h-x86_64-mingw32/bin/../lib/gcc/nios2-elf/5.3.0/mno-hw-mul\libgcc.a(gedf2.o)
                0x00000000010169c0                __gedf2
                0x00000000010169c0                __gtdf2
 .text          0x0000000001016a9c       0xf4 d:/intelfpga_lite/18.0/nios2eds/bin/gnu/h-x86_64-mingw32/bin/../lib/gcc/nios2-elf/5.3.0/mno-hw-mul\libgcc.a(ledf2.o)
                0x0000000001016a9c                __ledf2
                0x0000000001016a9c                __ltdf2
 .text          0x0000000001016b90      0x86c d:/intelfpga_lite/18.0/nios2eds/bin/gnu/h-x86_64-mingw32/bin/../lib/gcc/nios2-elf/5.3.0/mno-hw-mul\libgcc.a(muldf3.o)
                0x0000000001016b90                __muldf3
 .text          0x00000000010173fc      0x8fc d:/intelfpga_lite/18.0/nios2eds/bin/gnu/h-x86_64-mingw32/bin/../lib/gcc/nios2-elf/5.3.0/mno-hw-mul\libgcc.a(subdf3.o)
                0x00000000010173fc                __subdf3
 .text          0x0000000001017cf8       0x80 d:/intelfpga_lite/18.0/nios2eds/bin/gnu/h-x86_64-mingw32/bin/../lib/gcc/nios2-elf/5.3.0/mno-hw-mul\libgcc.a(fixdfsi.o)
                0x0000000001017cf8                __fixdfsi
 .text          0x0000000001017d78      0x1a8 d:/intelfpga_lite/18.0/nios2eds/bin/gnu/h-x86_64-mingw32/bin/../lib/gcc/nios2-elf/5.3.0/mno-hw-mul\libgcc.a(truncdfsf2.o)
                0x0000000001017d78                __truncdfsf2
 .text          0x0000000001017f20      0x114 ../lab9_app_bsp/\libhal_bsp.a(alt_close.o)
                0x0000000001017f5c                close
 .text          0x0000000001018034       0x2c ../lab9_app_bsp/\libhal_bsp.a(alt_dev.o)
 .text          0x0000000001018060        0x0 ../lab9_app_bsp/\libhal_bsp.a(alt_errno.o)
 .text          0x0000000001018060       0xf4 ../lab9_app_bsp/\libhal_bsp.a(alt_fstat.o)
                0x000000000101809c                fstat
 .text          0x0000000001018154       0xe8 ../lab9_app_bsp/\libhal_bsp.a(alt_isatty.o)
                0x0000000001018190                isatty
 .text          0x000000000101823c       0xec ../lab9_app_bsp/\libhal_bsp.a(alt_load.o)
                0x00000000010182a4                alt_load
 .text          0x0000000001018328      0x118 ../lab9_app_bsp/\libhal_bsp.a(alt_lseek.o)
                0x0000000001018364                lseek
 .text          0x0000000001018440       0x7c ../lab9_app_bsp/\libhal_bsp.a(alt_main.o)
                0x0000000001018440                alt_main
 .text          0x00000000010184bc       0x48 ../lab9_app_bsp/\libhal_bsp.a(alt_malloc_lock.o)
                0x00000000010184bc                __malloc_lock
                0x00000000010184e0                __malloc_unlock
 .text          0x0000000001018504      0x140 ../lab9_app_bsp/\libhal_bsp.a(alt_read.o)
                0x0000000001018540                read
 .text          0x0000000001018644       0x84 ../lab9_app_bsp/\libhal_bsp.a(alt_release_fd.o)
                0x0000000001018644                alt_release_fd
 .text          0x00000000010186c8       0xb0 ../lab9_app_bsp/\libhal_bsp.a(alt_sbrk.o)
                0x00000000010186c8                sbrk
 .text          0x0000000001018778       0xb4 ../lab9_app_bsp/\libhal_bsp.a(alt_times.o)
                0x00000000010187b4                times
 .text          0x000000000101882c      0x13c ../lab9_app_bsp/\libhal_bsp.a(alt_write.o)
                0x0000000001018868                write
 .text          0x0000000001018968       0xcc ../lab9_app_bsp/\libhal_bsp.a(alt_sys_init.o)
                0x000000000101899c                alt_irq_init
                0x00000000010189d4                alt_sys_init
 .text          0x0000000001018a34      0x164 ../lab9_app_bsp/\libhal_bsp.a(altera_avalon_jtag_uart_fd.o)
                0x0000000001018a34                altera_avalon_jtag_uart_read_fd
                0x0000000001018a94                altera_avalon_jtag_uart_write_fd
                0x0000000001018af4                altera_avalon_jtag_uart_close_fd
                0x0000000001018b44                altera_avalon_jtag_uart_ioctl_fd
 .text          0x0000000001018b98      0x3d4 ../lab9_app_bsp/\libhal_bsp.a(altera_avalon_jtag_uart_init.o)
                0x0000000001018b98                altera_avalon_jtag_uart_init
                0x0000000001018f04                altera_avalon_jtag_uart_close
 .text          0x0000000001018f6c       0xf0 ../lab9_app_bsp/\libhal_bsp.a(altera_avalon_jtag_uart_ioctl.o)
                0x0000000001018f6c                altera_avalon_jtag_uart_ioctl
 .text          0x000000000101905c      0x21c ../lab9_app_bsp/\libhal_bsp.a(altera_avalon_jtag_uart_read.o)
                0x000000000101905c                altera_avalon_jtag_uart_read
 .text          0x0000000001019278      0x224 ../lab9_app_bsp/\libhal_bsp.a(altera_avalon_jtag_uart_write.o)
                0x0000000001019278                altera_avalon_jtag_uart_write
 .text          0x000000000101949c       0xf4 ../lab9_app_bsp/\libhal_bsp.a(altera_avalon_timer_sc.o)
                0x0000000001019514                alt_avalon_timer_sc_init
 .text          0x0000000001019590      0x12c ../lab9_app_bsp/\libhal_bsp.a(alt_alarm_start.o)
                0x0000000001019590                alt_alarm_start
 .text          0x00000000010196bc       0x20 ../lab9_app_bsp/\libhal_bsp.a(alt_dcache_flush_all.o)
                0x00000000010196bc                alt_dcache_flush_all
 .text          0x00000000010196dc       0xe0 ../lab9_app_bsp/\libhal_bsp.a(alt_dev_llist_insert.o)
                0x0000000001019718                alt_dev_llist_insert
 .text          0x00000000010197bc       0x60 ../lab9_app_bsp/\libhal_bsp.a(alt_do_ctors.o)
                0x00000000010197bc                _do_ctors
 .text          0x000000000101981c       0x60 ../lab9_app_bsp/\libhal_bsp.a(alt_do_dtors.o)
                0x000000000101981c                _do_dtors
 .text          0x000000000101987c       0x20 ../lab9_app_bsp/\libhal_bsp.a(alt_icache_flush_all.o)
                0x000000000101987c                alt_icache_flush_all
 .text          0x000000000101989c      0x1b0 ../lab9_app_bsp/\libhal_bsp.a(alt_iic.o)
                0x000000000101989c                alt_ic_isr_register
                0x00000000010198ec                alt_ic_irq_enable
                0x0000000001019974                alt_ic_irq_disable
                0x0000000001019a00                alt_ic_irq_enabled
 .text          0x0000000001019a4c       0xf0 ../lab9_app_bsp/\libhal_bsp.a(alt_iic_isr_register.o)
                0x0000000001019a4c                alt_iic_isr_register
 .text          0x0000000001019b3c      0x160 ../lab9_app_bsp/\libhal_bsp.a(alt_io_redirect.o)
                0x0000000001019c20                alt_io_redirect
 .text          0x0000000001019c9c        0x0 ../lab9_app_bsp/\libhal_bsp.a(alt_irq_entry.o)
 .text          0x0000000001019c9c        0x0 ../lab9_app_bsp/\libhal_bsp.a(alt_irq_handler.o)
 .text          0x0000000001019c9c        0x0 ../lab9_app_bsp/\libhal_bsp.a(alt_irq_vars.o)
 .text          0x0000000001019c9c      0x284 ../lab9_app_bsp/\libhal_bsp.a(alt_open.o)
                0x0000000001019dc4                open
 .text          0x0000000001019f20      0x1a4 ../lab9_app_bsp/\libhal_bsp.a(alt_tick.o)
                0x0000000001019f20                alt_alarm_stop
                0x0000000001019fbc                alt_tick
 .text          0x000000000101a0c4       0x24 ../lab9_app_bsp/\libhal_bsp.a(altera_nios2_gen2_irq.o)
                0x000000000101a0c4                altera_nios2_gen2_irq_init
 .text          0x000000000101a0e8        0x0 ../lab9_app_bsp/\libhal_bsp.a(alt_exception_entry.o)
 .text          0x000000000101a0e8       0x90 ../lab9_app_bsp/\libhal_bsp.a(alt_find_dev.o)
                0x000000000101a0e8                alt_find_dev
 .text          0x000000000101a178      0x108 ../lab9_app_bsp/\libhal_bsp.a(alt_find_file.o)
                0x000000000101a178                alt_find_file
 .text          0x000000000101a280       0xc4 ../lab9_app_bsp/\libhal_bsp.a(alt_get_fd.o)
                0x000000000101a280                alt_get_fd
 .text          0x000000000101a344       0x9c ../lab9_app_bsp/\libhal_bsp.a(alt_instruction_exception_entry.o)
                0x000000000101a344                alt_exception_cause_generated_bad_addr
 .text          0x000000000101a3e0        0x0 d:/intelfpga_lite/18.0/nios2eds/bin/gnu/h-x86_64-mingw32/bin/../lib/gcc/nios2-elf/5.3.0/../../../../../H-x86_64-mingw32/nios2-elf/lib/mno-hw-mul\libc.a(lib_a-atexit.o)
 .text.atexit   0x000000000101a3e0       0x14 d:/intelfpga_lite/18.0/nios2eds/bin/gnu/h-x86_64-mingw32/bin/../lib/gcc/nios2-elf/5.3.0/../../../../../H-x86_64-mingw32/nios2-elf/lib/mno-hw-mul\libc.a(lib_a-atexit.o)
                0x000000000101a3e0                atexit
 .text          0x000000000101a3f4        0x0 d:/intelfpga_lite/18.0/nios2eds/bin/gnu/h-x86_64-mingw32/bin/../lib/gcc/nios2-elf/5.3.0/../../../../../H-x86_64-mingw32/nios2-elf/lib/mno-hw-mul\libc.a(lib_a-exit.o)
 .text.exit     0x000000000101a3f4       0x38 d:/intelfpga_lite/18.0/nios2eds/bin/gnu/h-x86_64-mingw32/bin/../lib/gcc/nios2-elf/5.3.0/../../../../../H-x86_64-mingw32/nios2-elf/lib/mno-hw-mul\libc.a(lib_a-exit.o)
                0x000000000101a3f4                exit
 .text          0x000000000101a42c        0x0 d:/intelfpga_lite/18.0/nios2eds/bin/gnu/h-x86_64-mingw32/bin/../lib/gcc/nios2-elf/5.3.0/../../../../../H-x86_64-mingw32/nios2-elf/lib/mno-hw-mul\libc.a(lib_a-memcmp.o)
 .text.memcmp   0x000000000101a42c       0x7c d:/intelfpga_lite/18.0/nios2eds/bin/gnu/h-x86_64-mingw32/bin/../lib/gcc/nios2-elf/5.3.0/../../../../../H-x86_64-mingw32/nios2-elf/lib/mno-hw-mul\libc.a(lib_a-memcmp.o)
                0x000000000101a42c                memcmp
 .text          0x000000000101a4a8        0x0 d:/intelfpga_lite/18.0/nios2eds/bin/gnu/h-x86_64-mingw32/bin/../lib/gcc/nios2-elf/5.3.0/../../../../../H-x86_64-mingw32/nios2-elf/lib/mno-hw-mul\libc.a(lib_a-__atexit.o)
 .text.__register_exitproc
                0x000000000101a4a8      0x118 d:/intelfpga_lite/18.0/nios2eds/bin/gnu/h-x86_64-mingw32/bin/../lib/gcc/nios2-elf/5.3.0/../../../../../H-x86_64-mingw32/nios2-elf/lib/mno-hw-mul\libc.a(lib_a-__atexit.o)
                0x000000000101a4a8                __register_exitproc
 .text          0x000000000101a5c0        0x0 d:/intelfpga_lite/18.0/nios2eds/bin/gnu/h-x86_64-mingw32/bin/../lib/gcc/nios2-elf/5.3.0/../../../../../H-x86_64-mingw32/nios2-elf/lib/mno-hw-mul\libc.a(lib_a-__call_atexit.o)
 .text.__call_exitprocs
                0x000000000101a5c0      0x180 d:/intelfpga_lite/18.0/nios2eds/bin/gnu/h-x86_64-mingw32/bin/../lib/gcc/nios2-elf/5.3.0/../../../../../H-x86_64-mingw32/nios2-elf/lib/mno-hw-mul\libc.a(lib_a-__call_atexit.o)
                0x000000000101a5c0                __call_exitprocs
 .text          0x000000000101a740       0x34 ../lab9_app_bsp/\libhal_bsp.a(alt_exit.o)
                0x000000000101a740                _exit
 *(.gnu.warning.*)
 *(.fini)
                [!provide]                        PROVIDE (__etext, ABSOLUTE (.))
                [!provide]                        PROVIDE (_etext, ABSOLUTE (.))
                [!provide]                        PROVIDE (etext, ABSOLUTE (.))
 *(.eh_frame_hdr)
                0x000000000101a774                . = ALIGN (0x4)
                [!provide]                        PROVIDE (__preinit_array_start, ABSOLUTE (.))
 *(.preinit_array)
                [!provide]                        PROVIDE (__preinit_array_end, ABSOLUTE (.))
                [!provide]                        PROVIDE (__init_array_start, ABSOLUTE (.))
 *(.init_array)
                [!provide]                        PROVIDE (__init_array_end, ABSOLUTE (.))
                [!provide]                        PROVIDE (__fini_array_start, ABSOLUTE (.))
 *(.fini_array)
                [!provide]                        PROVIDE (__fini_array_end, ABSOLUTE (.))
 *(.eh_frame)
 *(.gcc_except_table .gcc_except_table.*)
 *(.dynamic)
                0x000000000101a774                PROVIDE (__CTOR_LIST__, ABSOLUTE (.))
 *(.ctors)
 *(SORT(.ctors.*))
                0x000000000101a774                PROVIDE (__CTOR_END__, ABSOLUTE (.))
                0x000000000101a774                PROVIDE (__DTOR_LIST__, ABSOLUTE (.))
 *(.dtors)
 *(SORT(.dtors.*))
                0x000000000101a774                PROVIDE (__DTOR_END__, ABSOLUTE (.))
 *(.jcr)
                0x000000000101a774                . = ALIGN (0x4)

.rodata         0x000000000101a774      0xa34
                0x000000000101a774                PROVIDE (__ram_rodata_start, ABSOLUTE (.))
                0x000000000101a774                . = ALIGN (0x4)
 *(.rodata .rodata.* .gnu.linkonce.r.*)
 .rodata        0x000000000101a774      0x2e5 obj/default/main.o
                0x000000000101a774                aes_sbox
                0x000000000101a874                aes_invsbox
 .rodata        0x000000000101aa59      0x100 d:/intelfpga_lite/18.0/nios2eds/bin/gnu/h-x86_64-mingw32/bin/../lib/gcc/nios2-elf/5.3.0/mno-hw-mul\libgcc.a(_clz.o)
                0x000000000101aa59                __clz_tab
 *fill*         0x000000000101ab59        0x3 
 .rodata.str1.4
                0x000000000101ab5c        0x2 d:/intelfpga_lite/18.0/nios2eds/bin/gnu/h-x86_64-mingw32/bin/../lib/gcc/nios2-elf/5.3.0/../../../../../H-x86_64-mingw32/nios2-elf/lib/mno-hw-mul\libc.a(lib_a-impure.o)
 *fill*         0x000000000101ab5e        0x2 
 .rodata.str1.4
                0x000000000101ab60        0x2 d:/intelfpga_lite/18.0/nios2eds/bin/gnu/h-x86_64-mingw32/bin/../lib/gcc/nios2-elf/5.3.0/../../../../../H-x86_64-mingw32/nios2-elf/lib/mno-hw-mul\libc.a(lib_a-puts.o)
 *fill*         0x000000000101ab62        0x2 
 .rodata.str1.4
                0x000000000101ab64       0x42 d:/intelfpga_lite/18.0/nios2eds/bin/gnu/h-x86_64-mingw32/bin/../lib/gcc/nios2-elf/5.3.0/../../../../../H-x86_64-mingw32/nios2-elf/lib/mno-hw-mul\libc.a(lib_a-vfprintf.o)
 .rodata.zeroes.4404
                0x000000000101aba6       0x10 d:/intelfpga_lite/18.0/nios2eds/bin/gnu/h-x86_64-mingw32/bin/../lib/gcc/nios2-elf/5.3.0/../../../../../H-x86_64-mingw32/nios2-elf/lib/mno-hw-mul\libc.a(lib_a-vfprintf.o)
 .rodata.blanks.4403
                0x000000000101abb6       0x10 d:/intelfpga_lite/18.0/nios2eds/bin/gnu/h-x86_64-mingw32/bin/../lib/gcc/nios2-elf/5.3.0/../../../../../H-x86_64-mingw32/nios2-elf/lib/mno-hw-mul\libc.a(lib_a-vfprintf.o)
 *fill*         0x000000000101abc6        0x2 
 .rodata.str1.4
                0x000000000101abc8        0x5 d:/intelfpga_lite/18.0/nios2eds/bin/gnu/h-x86_64-mingw32/bin/../lib/gcc/nios2-elf/5.3.0/../../../../../H-x86_64-mingw32/nios2-elf/lib/mno-hw-mul\libc.a(lib_a-vfscanf.o)
 *fill*         0x000000000101abcd        0x1 
 .rodata.basefix.4359
                0x000000000101abce       0x22 d:/intelfpga_lite/18.0/nios2eds/bin/gnu/h-x86_64-mingw32/bin/../lib/gcc/nios2-elf/5.3.0/../../../../../H-x86_64-mingw32/nios2-elf/lib/mno-hw-mul\libc.a(lib_a-vfscanf.o)
 .rodata._ctype_
                0x000000000101abf0      0x101 d:/intelfpga_lite/18.0/nios2eds/bin/gnu/h-x86_64-mingw32/bin/../lib/gcc/nios2-elf/5.3.0/../../../../../H-x86_64-mingw32/nios2-elf/lib/mno-hw-mul\libc.a(lib_a-ctype_.o)
                0x000000000101abf0                _ctype_
 .rodata._ctype_b
                0x000000000101acf1      0x180 d:/intelfpga_lite/18.0/nios2eds/bin/gnu/h-x86_64-mingw32/bin/../lib/gcc/nios2-elf/5.3.0/../../../../../H-x86_64-mingw32/nios2-elf/lib/mno-hw-mul\libc.a(lib_a-ctype_.o)
 *fill*         0x000000000101ae71        0x3 
 .rodata.str1.4
                0x000000000101ae74       0x10 d:/intelfpga_lite/18.0/nios2eds/bin/gnu/h-x86_64-mingw32/bin/../lib/gcc/nios2-elf/5.3.0/../../../../../H-x86_64-mingw32/nios2-elf/lib/mno-hw-mul\libc.a(lib_a-dtoa.o)
                                         0x12 (size before relaxing)
 .rodata.str1.4
                0x000000000101ae84        0xa d:/intelfpga_lite/18.0/nios2eds/bin/gnu/h-x86_64-mingw32/bin/../lib/gcc/nios2-elf/5.3.0/../../../../../H-x86_64-mingw32/nios2-elf/lib/mno-hw-mul\libc.a(lib_a-locale.o)
                                         0x12 (size before relaxing)
 .rodata.str1.4
                0x000000000101ae8e        0x1 d:/intelfpga_lite/18.0/nios2eds/bin/gnu/h-x86_64-mingw32/bin/../lib/gcc/nios2-elf/5.3.0/../../../../../H-x86_64-mingw32/nios2-elf/lib/mno-hw-mul\libc.a(lib_a-mbrtowc.o)
 *fill*         0x000000000101ae8e        0x2 
 .rodata.p05.2768
                0x000000000101ae90        0xc d:/intelfpga_lite/18.0/nios2eds/bin/gnu/h-x86_64-mingw32/bin/../lib/gcc/nios2-elf/5.3.0/../../../../../H-x86_64-mingw32/nios2-elf/lib/mno-hw-mul\libc.a(lib_a-mprec.o)
 .rodata.__mprec_tinytens
                0x000000000101ae9c       0x28 d:/intelfpga_lite/18.0/nios2eds/bin/gnu/h-x86_64-mingw32/bin/../lib/gcc/nios2-elf/5.3.0/../../../../../H-x86_64-mingw32/nios2-elf/lib/mno-hw-mul\libc.a(lib_a-mprec.o)
                0x000000000101ae9c                __mprec_tinytens
 .rodata.__mprec_bigtens
                0x000000000101aec4       0x28 d:/intelfpga_lite/18.0/nios2eds/bin/gnu/h-x86_64-mingw32/bin/../lib/gcc/nios2-elf/5.3.0/../../../../../H-x86_64-mingw32/nios2-elf/lib/mno-hw-mul\libc.a(lib_a-mprec.o)
                0x000000000101aec4                __mprec_bigtens
 .rodata.__mprec_tens
                0x000000000101aeec       0xc8 d:/intelfpga_lite/18.0/nios2eds/bin/gnu/h-x86_64-mingw32/bin/../lib/gcc/nios2-elf/5.3.0/../../../../../H-x86_64-mingw32/nios2-elf/lib/mno-hw-mul\libc.a(lib_a-mprec.o)
                0x000000000101aeec                __mprec_tens
 .rodata.str1.4
                0x000000000101afb4       0x10 d:/intelfpga_lite/18.0/nios2eds/bin/gnu/h-x86_64-mingw32/bin/../lib/gcc/nios2-elf/5.3.0/../../../../../H-x86_64-mingw32/nios2-elf/lib/mno-hw-mul\libc.a(lib_a-strtod.o)
                                          0xf (size before relaxing)
 .rodata.fpinan.2773
                0x000000000101afc4       0x14 d:/intelfpga_lite/18.0/nios2eds/bin/gnu/h-x86_64-mingw32/bin/../lib/gcc/nios2-elf/5.3.0/../../../../../H-x86_64-mingw32/nios2-elf/lib/mno-hw-mul\libc.a(lib_a-strtod.o)
 .rodata.fpi.2737
                0x000000000101afd8       0x14 d:/intelfpga_lite/18.0/nios2eds/bin/gnu/h-x86_64-mingw32/bin/../lib/gcc/nios2-elf/5.3.0/../../../../../H-x86_64-mingw32/nios2-elf/lib/mno-hw-mul\libc.a(lib_a-strtod.o)
 .rodata.tinytens
                0x000000000101afec       0x28 d:/intelfpga_lite/18.0/nios2eds/bin/gnu/h-x86_64-mingw32/bin/../lib/gcc/nios2-elf/5.3.0/../../../../../H-x86_64-mingw32/nios2-elf/lib/mno-hw-mul\libc.a(lib_a-strtod.o)
 .rodata.str1.4
                0x000000000101b014       0x42 d:/intelfpga_lite/18.0/nios2eds/bin/gnu/h-x86_64-mingw32/bin/../lib/gcc/nios2-elf/5.3.0/../../../../../H-x86_64-mingw32/nios2-elf/lib/mno-hw-mul\libc.a(lib_a-svfprintf.o)
 .rodata.zeroes.4389
                0x000000000101b014       0x10 d:/intelfpga_lite/18.0/nios2eds/bin/gnu/h-x86_64-mingw32/bin/../lib/gcc/nios2-elf/5.3.0/../../../../../H-x86_64-mingw32/nios2-elf/lib/mno-hw-mul\libc.a(lib_a-svfprintf.o)
 .rodata.blanks.4388
                0x000000000101b024       0x10 d:/intelfpga_lite/18.0/nios2eds/bin/gnu/h-x86_64-mingw32/bin/../lib/gcc/nios2-elf/5.3.0/../../../../../H-x86_64-mingw32/nios2-elf/lib/mno-hw-mul\libc.a(lib_a-svfprintf.o)
 .rodata.str1.4
                0x000000000101b034       0x2f d:/intelfpga_lite/18.0/nios2eds/bin/gnu/h-x86_64-mingw32/bin/../lib/gcc/nios2-elf/5.3.0/../../../../../H-x86_64-mingw32/nios2-elf/lib/mno-hw-mul\libc.a(lib_a-vfiprintf.o)
 .rodata.zeroes.4349
                0x000000000101b034       0x10 d:/intelfpga_lite/18.0/nios2eds/bin/gnu/h-x86_64-mingw32/bin/../lib/gcc/nios2-elf/5.3.0/../../../../../H-x86_64-mingw32/nios2-elf/lib/mno-hw-mul\libc.a(lib_a-vfiprintf.o)
 .rodata.blanks.4348
                0x000000000101b044       0x10 d:/intelfpga_lite/18.0/nios2eds/bin/gnu/h-x86_64-mingw32/bin/../lib/gcc/nios2-elf/5.3.0/../../../../../H-x86_64-mingw32/nios2-elf/lib/mno-hw-mul\libc.a(lib_a-vfiprintf.o)
 .rodata.__hexdig
                0x000000000101b054      0x100 d:/intelfpga_lite/18.0/nios2eds/bin/gnu/h-x86_64-mingw32/bin/../lib/gcc/nios2-elf/5.3.0/../../../../../H-x86_64-mingw32/nios2-elf/lib/mno-hw-mul\libc.a(lib_a-gdtoa-gethex.o)
                0x000000000101b054                __hexdig
 .rodata.str1.4
                0x000000000101b154       0x2f d:/intelfpga_lite/18.0/nios2eds/bin/gnu/h-x86_64-mingw32/bin/../lib/gcc/nios2-elf/5.3.0/../../../../../H-x86_64-mingw32/nios2-elf/lib/mno-hw-mul\libc.a(lib_a-svfiprintf.o)
 .rodata.zeroes.4333
                0x000000000101b154       0x10 d:/intelfpga_lite/18.0/nios2eds/bin/gnu/h-x86_64-mingw32/bin/../lib/gcc/nios2-elf/5.3.0/../../../../../H-x86_64-mingw32/nios2-elf/lib/mno-hw-mul\libc.a(lib_a-svfiprintf.o)
 .rodata.blanks.4332
                0x000000000101b164       0x10 d:/intelfpga_lite/18.0/nios2eds/bin/gnu/h-x86_64-mingw32/bin/../lib/gcc/nios2-elf/5.3.0/../../../../../H-x86_64-mingw32/nios2-elf/lib/mno-hw-mul\libc.a(lib_a-svfiprintf.o)
 .rodata        0x000000000101b174        0xa ../lab9_app_bsp/\libhal_bsp.a(alt_dev.o)
 *fill*         0x000000000101b17e        0x2 
 .rodata        0x000000000101b180       0x11 ../lab9_app_bsp/\libhal_bsp.a(alt_main.o)
 *fill*         0x000000000101b191        0x3 
 .rodata        0x000000000101b194       0x11 ../lab9_app_bsp/\libhal_bsp.a(alt_sys_init.o)
 *(.rodata1)
                0x000000000101b1a8                . = ALIGN (0x4)
 *fill*         0x000000000101b1a5        0x3 
                0x000000000101b1a8                PROVIDE (__ram_rodata_end, ABSOLUTE (.))
                0x000000000101a774                PROVIDE (__flash_rodata_start, LOADADDR (.rodata))

.rwdata         0x000000000101b1a8     0x2138 load address 0x000000000101d2e0
                0x000000000101b1a8                PROVIDE (__ram_rwdata_start, ABSOLUTE (.))
                0x000000000101b1a8                . = ALIGN (0x4)
 *(.got.plt)
 *(.got)
 *(.data1)
 *(.data .data.* .gnu.linkonce.d.*)
 .data          0x000000000101b1a8        0x0 ../lab9_app_bsp//obj/HAL/src/crt0.o
 .data          0x000000000101b1a8      0x640 obj/default/main.o
                0x000000000101b1a8                gf_mul
                0x000000000101b7a8                Rcon
 .data          0x000000000101b7e8        0x0 d:/intelfpga_lite/18.0/nios2eds/bin/gnu/h-x86_64-mingw32/bin/../lib/gcc/nios2-elf/5.3.0/mno-hw-mul\libgcc.a(lib2-divmod.o)
 .data          0x000000000101b7e8        0x0 d:/intelfpga_lite/18.0/nios2eds/bin/gnu/h-x86_64-mingw32/bin/../lib/gcc/nios2-elf/5.3.0/mno-hw-mul\libgcc.a(lib2-mul.o)
 .data          0x000000000101b7e8        0x0 d:/intelfpga_lite/18.0/nios2eds/bin/gnu/h-x86_64-mingw32/bin/../lib/gcc/nios2-elf/5.3.0/mno-hw-mul\libgcc.a(divdf3.o)
 .data          0x000000000101b7e8        0x0 d:/intelfpga_lite/18.0/nios2eds/bin/gnu/h-x86_64-mingw32/bin/../lib/gcc/nios2-elf/5.3.0/mno-hw-mul\libgcc.a(floatsidf.o)
 .data          0x000000000101b7e8        0x0 d:/intelfpga_lite/18.0/nios2eds/bin/gnu/h-x86_64-mingw32/bin/../lib/gcc/nios2-elf/5.3.0/mno-hw-mul\libgcc.a(floatunsidf.o)
 .data          0x000000000101b7e8        0x0 d:/intelfpga_lite/18.0/nios2eds/bin/gnu/h-x86_64-mingw32/bin/../lib/gcc/nios2-elf/5.3.0/mno-hw-mul\libgcc.a(_clzsi2.o)
 .data          0x000000000101b7e8        0x0 d:/intelfpga_lite/18.0/nios2eds/bin/gnu/h-x86_64-mingw32/bin/../lib/gcc/nios2-elf/5.3.0/mno-hw-mul\libgcc.a(_clz.o)
 .data          0x000000000101b7e8        0x0 d:/intelfpga_lite/18.0/nios2eds/bin/gnu/h-x86_64-mingw32/bin/../lib/gcc/nios2-elf/5.3.0/../../../../../H-x86_64-mingw32/nios2-elf/lib/mno-hw-mul\libc.a(lib_a-clock.o)
 .data          0x000000000101b7e8        0x0 d:/intelfpga_lite/18.0/nios2eds/bin/gnu/h-x86_64-mingw32/bin/../lib/gcc/nios2-elf/5.3.0/../../../../../H-x86_64-mingw32/nios2-elf/lib/mno-hw-mul\libc.a(lib_a-impure.o)
 .data.impure_data
                0x000000000101b7e8      0x424 d:/intelfpga_lite/18.0/nios2eds/bin/gnu/h-x86_64-mingw32/bin/../lib/gcc/nios2-elf/5.3.0/../../../../../H-x86_64-mingw32/nios2-elf/lib/mno-hw-mul\libc.a(lib_a-impure.o)
 .data          0x000000000101bc0c        0x0 d:/intelfpga_lite/18.0/nios2eds/bin/gnu/h-x86_64-mingw32/bin/../lib/gcc/nios2-elf/5.3.0/../../../../../H-x86_64-mingw32/nios2-elf/lib/mno-hw-mul\libc.a(lib_a-memcpy.o)
 .data          0x000000000101bc0c        0x0 d:/intelfpga_lite/18.0/nios2eds/bin/gnu/h-x86_64-mingw32/bin/../lib/gcc/nios2-elf/5.3.0/../../../../../H-x86_64-mingw32/nios2-elf/lib/mno-hw-mul\libc.a(lib_a-printf.o)
 .data          0x000000000101bc0c        0x0 d:/intelfpga_lite/18.0/nios2eds/bin/gnu/h-x86_64-mingw32/bin/../lib/gcc/nios2-elf/5.3.0/../../../../../H-x86_64-mingw32/nios2-elf/lib/mno-hw-mul\libc.a(lib_a-putchar.o)
 .data          0x000000000101bc0c        0x0 d:/intelfpga_lite/18.0/nios2eds/bin/gnu/h-x86_64-mingw32/bin/../lib/gcc/nios2-elf/5.3.0/../../../../../H-x86_64-mingw32/nios2-elf/lib/mno-hw-mul\libc.a(lib_a-puts.o)
 .data          0x000000000101bc0c        0x0 d:/intelfpga_lite/18.0/nios2eds/bin/gnu/h-x86_64-mingw32/bin/../lib/gcc/nios2-elf/5.3.0/../../../../../H-x86_64-mingw32/nios2-elf/lib/mno-hw-mul\libc.a(lib_a-scanf.o)
 .data          0x000000000101bc0c        0x0 d:/intelfpga_lite/18.0/nios2eds/bin/gnu/h-x86_64-mingw32/bin/../lib/gcc/nios2-elf/5.3.0/../../../../../H-x86_64-mingw32/nios2-elf/lib/mno-hw-mul\libc.a(lib_a-strlen.o)
 .data          0x000000000101bc0c        0x0 d:/intelfpga_lite/18.0/nios2eds/bin/gnu/h-x86_64-mingw32/bin/../lib/gcc/nios2-elf/5.3.0/../../../../../H-x86_64-mingw32/nios2-elf/lib/mno-hw-mul\libc.a(lib_a-timesr.o)
 .data          0x000000000101bc0c        0x0 d:/intelfpga_lite/18.0/nios2eds/bin/gnu/h-x86_64-mingw32/bin/../lib/gcc/nios2-elf/5.3.0/../../../../../H-x86_64-mingw32/nios2-elf/lib/mno-hw-mul\libc.a(lib_a-vfprintf.o)
 .data          0x000000000101bc0c        0x0 d:/intelfpga_lite/18.0/nios2eds/bin/gnu/h-x86_64-mingw32/bin/../lib/gcc/nios2-elf/5.3.0/../../../../../H-x86_64-mingw32/nios2-elf/lib/mno-hw-mul\libc.a(lib_a-vfscanf.o)
 .data          0x000000000101bc0c        0x0 d:/intelfpga_lite/18.0/nios2eds/bin/gnu/h-x86_64-mingw32/bin/../lib/gcc/nios2-elf/5.3.0/../../../../../H-x86_64-mingw32/nios2-elf/lib/mno-hw-mul\libc.a(lib_a-wsetup.o)
 .data          0x000000000101bc0c        0x0 d:/intelfpga_lite/18.0/nios2eds/bin/gnu/h-x86_64-mingw32/bin/../lib/gcc/nios2-elf/5.3.0/../../../../../H-x86_64-mingw32/nios2-elf/lib/mno-hw-mul\libc.a(lib_a-ctype_.o)
 .data          0x000000000101bc0c        0x0 d:/intelfpga_lite/18.0/nios2eds/bin/gnu/h-x86_64-mingw32/bin/../lib/gcc/nios2-elf/5.3.0/../../../../../H-x86_64-mingw32/nios2-elf/lib/mno-hw-mul\libc.a(lib_a-dtoa.o)
 .data          0x000000000101bc0c        0x0 d:/intelfpga_lite/18.0/nios2eds/bin/gnu/h-x86_64-mingw32/bin/../lib/gcc/nios2-elf/5.3.0/../../../../../H-x86_64-mingw32/nios2-elf/lib/mno-hw-mul\libc.a(lib_a-fflush.o)
 .data          0x000000000101bc0c        0x0 d:/intelfpga_lite/18.0/nios2eds/bin/gnu/h-x86_64-mingw32/bin/../lib/gcc/nios2-elf/5.3.0/../../../../../H-x86_64-mingw32/nios2-elf/lib/mno-hw-mul\libc.a(lib_a-findfp.o)
 .data          0x000000000101bc0c        0x0 d:/intelfpga_lite/18.0/nios2eds/bin/gnu/h-x86_64-mingw32/bin/../lib/gcc/nios2-elf/5.3.0/../../../../../H-x86_64-mingw32/nios2-elf/lib/mno-hw-mul\libc.a(lib_a-fread.o)
 .data          0x000000000101bc0c        0x0 d:/intelfpga_lite/18.0/nios2eds/bin/gnu/h-x86_64-mingw32/bin/../lib/gcc/nios2-elf/5.3.0/../../../../../H-x86_64-mingw32/nios2-elf/lib/mno-hw-mul\libc.a(lib_a-freer.o)
 .data          0x000000000101bc0c        0x0 d:/intelfpga_lite/18.0/nios2eds/bin/gnu/h-x86_64-mingw32/bin/../lib/gcc/nios2-elf/5.3.0/../../../../../H-x86_64-mingw32/nios2-elf/lib/mno-hw-mul\libc.a(lib_a-fvwrite.o)
 .data          0x000000000101bc0c        0x0 d:/intelfpga_lite/18.0/nios2eds/bin/gnu/h-x86_64-mingw32/bin/../lib/gcc/nios2-elf/5.3.0/../../../../../H-x86_64-mingw32/nios2-elf/lib/mno-hw-mul\libc.a(lib_a-fwalk.o)
 .data          0x000000000101bc0c        0x0 d:/intelfpga_lite/18.0/nios2eds/bin/gnu/h-x86_64-mingw32/bin/../lib/gcc/nios2-elf/5.3.0/../../../../../H-x86_64-mingw32/nios2-elf/lib/mno-hw-mul\libc.a(lib_a-iswspace.o)
 .data          0x000000000101bc0c        0x0 d:/intelfpga_lite/18.0/nios2eds/bin/gnu/h-x86_64-mingw32/bin/../lib/gcc/nios2-elf/5.3.0/../../../../../H-x86_64-mingw32/nios2-elf/lib/mno-hw-mul\libc.a(lib_a-locale.o)
 .data.lc_message_charset
                0x000000000101bc0c       0x20 d:/intelfpga_lite/18.0/nios2eds/bin/gnu/h-x86_64-mingw32/bin/../lib/gcc/nios2-elf/5.3.0/../../../../../H-x86_64-mingw32/nios2-elf/lib/mno-hw-mul\libc.a(lib_a-locale.o)
 .data.lc_ctype_charset
                0x000000000101bc2c       0x20 d:/intelfpga_lite/18.0/nios2eds/bin/gnu/h-x86_64-mingw32/bin/../lib/gcc/nios2-elf/5.3.0/../../../../../H-x86_64-mingw32/nios2-elf/lib/mno-hw-mul\libc.a(lib_a-locale.o)
 .data.lconv    0x000000000101bc4c       0x38 d:/intelfpga_lite/18.0/nios2eds/bin/gnu/h-x86_64-mingw32/bin/../lib/gcc/nios2-elf/5.3.0/../../../../../H-x86_64-mingw32/nios2-elf/lib/mno-hw-mul\libc.a(lib_a-locale.o)
 .data          0x000000000101bc84        0x0 d:/intelfpga_lite/18.0/nios2eds/bin/gnu/h-x86_64-mingw32/bin/../lib/gcc/nios2-elf/5.3.0/../../../../../H-x86_64-mingw32/nios2-elf/lib/mno-hw-mul\libc.a(lib_a-makebuf.o)
 .data          0x000000000101bc84        0x0 d:/intelfpga_lite/18.0/nios2eds/bin/gnu/h-x86_64-mingw32/bin/../lib/gcc/nios2-elf/5.3.0/../../../../../H-x86_64-mingw32/nios2-elf/lib/mno-hw-mul\libc.a(lib_a-mallocr.o)
 .data.__malloc_av_