------------------------------------------------------------
Timing Analyzer Summary
------------------------------------------------------------

Type  : Slow 1200mV 85C Model Setup 'm_lab7_soc|sdram_pll|sd1|pll7|clk[0]'
Slack : 3.141
TNS   : 0.000

Type  : Slow 1200mV 85C Model Setup 'main_clk_50'
Slack : 4.641
TNS   : 0.000

Type  : Slow 1200mV 85C Model Setup 'altera_reserved_tck'
Slack : 46.463
TNS   : 0.000

Type  : Slow 1200mV 85C Model Hold 'main_clk_50'
Slack : 0.358
TNS   : 0.000

Type  : Slow 1200mV 85C Model Hold 'm_lab7_soc|sdram_pll|sd1|pll7|clk[0]'
Slack : 0.388
TNS   : 0.000

Type  : Slow 1200mV 85C Model Hold 'altera_reserved_tck'
Slack : 0.403
TNS   : 0.000

Type  : Slow 1200mV 85C Model Recovery 'main_clk_50'
Slack : 14.861
TNS   : 0.000

Type  : Slow 1200mV 85C Model Recovery 'm_lab7_soc|sdram_pll|sd1|pll7|clk[0]'
Slack : 14.958
TNS   : 0.000

Type  : Slow 1200mV 85C Model Recovery 'altera_reserved_tck'
Slack : 97.492
TNS   : 0.000

Type  : Slow 1200mV 85C Model Removal 'altera_reserved_tck'
Slack : 1.438
TNS   : 0.000

Type  : Slow 1200mV 85C Model Removal 'm_lab7_soc|sdram_pll|sd1|pll7|clk[0]'
Slack : 3.496
TNS   : 0.000

Type  : Slow 1200mV 85C Model Removal 'main_clk_50'
Slack : 3.714
TNS   : 0.000

Type  : Slow 1200mV 85C Model Minimum Pulse Width 'main_clk_50'
Slack : 9.628
TNS   : 0.000

Type  : Slow 1200mV 85C Model Minimum Pulse Width 'm_lab7_soc|sdram_pll|sd1|pll7|clk[0]'
Slack : 9.695
TNS   : 0.000

Type  : Slow 1200mV 85C Model Minimum Pulse Width 'altera_reserved_tck'
Slack : 49.623
TNS   : 0.000

Type  : Slow 1200mV 0C Model Setup 'm_lab7_soc|sdram_pll|sd1|pll7|clk[0]'
Slack : 3.692
TNS   : 0.000

Type  : Slow 1200mV 0C Model Setup 'main_clk_50'
Slack : 5.742
TNS   : 0.000

Type  : Slow 1200mV 0C Model Setup 'altera_reserved_tck'
Slack : 46.857
TNS   : 0.000

Type  : Slow 1200mV 0C Model Hold 'main_clk_50'
Slack : 0.337
TNS   : 0.000

Type  : Slow 1200mV 0C Model Hold 'm_lab7_soc|sdram_pll|sd1|pll7|clk[0]'
Slack : 0.338
TNS   : 0.000

Type  : Slow 1200mV 0C Model Hold 'altera_reserved_tck'
Slack : 0.355
TNS   : 0.000

Type  : Slow 1200mV 0C Model Recovery 'main_clk_50'
Slack : 15.344
TNS   : 0.000

Type  : Slow 1200mV 0C Model Recovery 'm_lab7_soc|sdram_pll|sd1|pll7|clk[0]'
Slack : 15.444
TNS   : 0.000

Type  : Slow 1200mV 0C Model Recovery 'altera_reserved_tck'
Slack : 97.695
TNS   : 0.000

Type  : Slow 1200mV 0C Model Removal 'altera_reserved_tck'
Slack : 1.308
TNS   : 0.000

Type  : Slow 1200mV 0C Model Removal 'm_lab7_soc|sdram_pll|sd1|pll7|clk[0]'
Slack : 3.099
TNS   : 0.000

Type  : Slow 1200mV 0C Model Removal 'main_clk_50'
Slack : 3.321
TNS   : 0.000

Type  : Slow 1200mV 0C Model Minimum Pulse Width 'main_clk_50'
Slack : 9.647
TNS   : 0.000

Type  : Slow 1200mV 0C Model Minimum Pulse Width 'm_lab7_soc|sdram_pll|sd1|pll7|clk[0]'
Slack : 9.683
TNS   : 0.000

Type  : Slow 1200mV 0C Model Minimum Pulse Width 'altera_reserved_tck'
Slack : 49.564
TNS   : 0.000

Type  : Fast 1200mV 0C Model Setup 'm_lab7_soc|sdram_pll|sd1|pll7|clk[0]'
Slack : 5.328
TNS   : 0.000

Type  : Fast 1200mV 0C Model Setup 'main_clk_50'
Slack : 10.631
TNS   : 0.000

Type  : Fast 1200mV 0C Model Setup 'altera_reserved_tck'
Slack : 48.508
TNS   : 0.000

Type  : Fast 1200mV 0C Model Hold 'main_clk_50'
Slack : 0.146
TNS   : 0.000

Type  : Fast 1200mV 0C Model Hold 'm_lab7_soc|sdram_pll|sd1|pll7|clk[0]'
Slack : 0.174
TNS   : 0.000

Type  : Fast 1200mV 0C Model Hold 'altera_reserved_tck'
Slack : 0.181
TNS   : 0.000

Type  : Fast 1200mV 0C Model Recovery 'main_clk_50'
Slack : 17.236
TNS   : 0.000

Type  : Fast 1200mV 0C Model Recovery 'm_lab7_soc|sdram_pll|sd1|pll7|clk[0]'
Slack : 17.319
TNS   : 0.000

Type  : Fast 1200mV 0C Model Recovery 'altera_reserved_tck'
Slack : 98.692
TNS   : 0.000

Type  : Fast 1200mV 0C Model Removal 'altera_reserved_tck'
Slack : 0.669
TNS   : 0.000

Type  : Fast 1200mV 0C Model Removal 'm_lab7_soc|sdram_pll|sd1|pll7|clk[0]'
Slack : 1.816
TNS   : 0.000

Type  : Fast 1200mV 0C Model Removal 'main_clk_50'
Slack : 1.920
TNS   : 0.000

Type  : Fast 1200mV 0C Model Minimum Pulse Width 'main_clk_50'
Slack : 9.373
TNS   : 0.000

Type  : Fast 1200mV 0C Model Minimum Pulse Width 'm_lab7_soc|sdram_pll|sd1|pll7|clk[0]'
Slack : 9.779
TNS   : 0.000

Type  : Fast 1200mV 0C Model Minimum Pulse Width 'altera_reserved_tck'
Slack : 49.474
TNS   : 0.000

------------------------------------------------------------
